[BEGIN] 7/13/2024 10:56:59 AM
Hex Dump of Logs:
General Info
rec#  Offset  25.....................Byte...........................0
000   0x0000  00 00000000 6a0041ff 45000010 0001004d 5044454c 412d5642 

Millisecond detail
rec#  Offset  16............Byte................0
000   0x0020  2c000000 003ff880 000179ef 00420235 
001   0x0030  2c000000 00000080 00017a53 00420237 
002   0x0040  2c000000 003fe480 00017ab6 00420238 
003   0x0050  2c000000 00000480 00017b1a 00420239 
004   0x0060  2c000000 003ffc80 00017b7e 0042023a 
005   0x0070  2c000000 003ff880 00017be3 0042023b 
006   0x0080  2c000000 00000480 00017c47 0042023c 
007   0x0090  2c000000 003ff880 00017cac 0042023d 
008   0x00a0  2c000000 00000480 00017d0e 0042023e 
009   0x00b0  2c000000 003ff080 00017d72 0042023f 
010   0x00c0  2c000000 00000080 00017dd7 00420240 
011   0x00d0  2c000000 00000480 00017e3b 00420241 
012   0x00e0  2c000000 00000480 00017e9f 00420243 
013   0x00f0  2c000000 00000c80 00017f12 00420245 
014   0x0100  2c000000 00000480 00017f66 00420246 
015   0x0110  2c000000 00000480 00017fca 00420247 
016   0x0120  2c000000 00000880 0001802f 00420248 
017   0x0130  2c000000 003ffc80 00018093 00420249 
018   0x0140  2c000000 003ff880 000180f7 0042024a 
019   0x0150  2c000000 003ff880 0001815a 0042024b 
020   0x0160  2c000000 00000480 000181be 0042024c 
021   0x0170  2c000000 00000080 00018222 0042024d 
022   0x0180  2c000000 003ff880 00018287 0042024e 
023   0x0190  04000000 00000480 000182eb 00420250 
024   0x01a0  04000000 00000480 0001834f 00420251 
025   0x01b0  04000000 00000880 000183b2 00420252 
026   0x01c0  04000000 00000480 00018416 00420253 
027   0x01d0  04000000 00000480 0001847a 00420254 
028   0x01e0  04000000 00000880 000184df 00420255 
029   0x01f0  04000000 00000480 00018543 00420256 
030   0x0200  04000000 00000c80 000185a7 00420257 
031   0x0210  04000000 00000880 0001860a 00420258 
032   0x0220  04000000 00000480 0001866e 00420259 
033   0x0230  04000000 00000080 000186d2 0042025a 
034   0x0240  04000000 00000880 00018737 0042025c 
035   0x0250  04000000 003fdc80 0001879b 0042025d 
036   0x0260  04000000 003ff880 00018800 0042025e 
037   0x0270  04000000 003fe480 00018862 0042025f 
038   0x0280  04000000 00000480 000188c8 00420260 
039   0x0290  04000000 00000880 0001892b 00420261 
040   0x02a0  04000000 003ffc80 0001898f 00420262 
041   0x02b0  04000000 003ff080 000189f3 00420263 
042   0x02c0  04000000 00000080 00018a56 00420264 
043   0x02d0  04000000 00000080 00018aba 00420265 
044   0x02e0  04000000 00000480 00018b1e 00420266 
045   0x02f0  2c000000 00000080 00018b83 00420268 
046   0x0300  2c000000 003ff880 00018be7 00420269 
047   0x0310  2c000000 00000480 00018c4b 0042026a 
048   0x0320  2c000000 00000080 00018cae 0042026b 
049   0x0330  2c000000 00000480 00018d12 0042026c 
050   0x0340  2c000000 003ffc80 00018d76 0042026d 
051   0x0350  2c000000 00000080 00018ddb 0042026e 
052   0x0360  2c000000 003ff880 00018e3f 0042026f 
053   0x0370  2c000000 003ffc80 00018ea5 00420270 
054   0x0380  2c000000 00000080 00018f06 00420271 
055   0x0390  2c000000 00000880 00018f6a 00420272 
056   0x03a0  2c000000 003ff080 00018fce 00420274 
057   0x03b0  2c000000 00000080 00019033 00420275 
058   0x03c0  2c000000 003ff080 00019097 00420276 
059   0x03d0  2c000000 003ff080 000190fb 00420277 
060   0x03e0  2c000000 00000880 0001915e 00420278 
061   0x03f0  2c000000 003ff880 000191c2 00420279 
062   0x0400  2c000000 00000080 00019226 0042027a 
063   0x0410  2c000000 003fdc80 0001928b 0042027b 
064   0x0420  2c000000 003ff880 000192ef 0042027c 
065   0x0430  2c000000 003ffc80 00019353 0042027d 
066   0x0440  2c000000 003ff880 000193b6 0042027e 
067   0x0450  2c000000 00000480 00006395 00420057 
068   0x0460  2c000000 00000080 000063f9 00420058 
069   0x0470  2c000000 00000080 0000645e 00420059 
070   0x0480  2c000000 00000080 000064c2 0042005a 
071   0x0490  2c000000 003ffc80 00006526 0042005c 
072   0x04a0  2c000000 003ffc80 00006589 0042005d 
073   0x04b0  2c000000 003ffc80 000065ed 0042005e 
074   0x04c0  2c000000 00000080 00006651 0042005f 
075   0x04d0  2c000000 00000880 000066b6 00420060 
076   0x04e0  2c000000 00000080 0000671a 00420061 
077   0x04f0  2c000000 003ffc80 0000677e 00420062 
078   0x0500  2c000000 003fdc80 000067e1 00420063 
079   0x0510  2c000000 00000080 00006845 00420064 
080   0x0520  2c000000 00000080 000068a9 00420065 
081   0x0530  2c000000 00000880 0000690e 00420066 
082   0x0540  2c000000 00000480 00006972 00420068 
083   0x0550  2c000000 00000c80 000069d7 00420069 
084   0x0560  2c000000 003ff080 00006a39 0042006a 
085   0x0570  2c000000 00000080 00006a9d 0042006b 
086   0x0580  2c000000 003ff880 00006b02 0042006c 
087   0x0590  2c000000 003fe480 00006b66 0042006d 
088   0x05a0  2c000000 00000480 00006bca 0042006e 
089   0x05b0  2c000000 00000080 00006c2d 0042006f 
090   0x05c0  2c000000 003ff880 00006c91 00420070 
091   0x05d0  2c000000 003ff880 00006cf5 00420071 
092   0x05e0  2c000000 003ff880 00006d5a 00420072 
093   0x05f0  2c000000 00000c80 00006dbe 00420074 
094   0x0600  2c000000 00000080 00006e22 00420075 
095   0x0610  2c000000 00000080 00006e85 00420076 
096   0x0620  2c000000 00000080 00006ee9 00420077 
097   0x0630  2c000000 00000480 00006f4d 00420078 
098   0x0640  2c000000 00000480 00006fb2 00420079 
099   0x0650  2c000000 00000080 00007016 0042007a 
100   0x0660  2c000000 00000880 0000707a 0042007b 
101   0x0670  2c000000 003ff880 000070dd 0042007c 
102   0x0680  2c000000 00000080 00007141 0042007d 
103   0x0690  2c000000 00000080 000071a5 0042007e 
104   0x06a0  04000000 00000480 0000720c 00420080 
105   0x06b0  04000000 003fe480 0000726e 00420081 
106   0x06c0  04000000 00000080 000072d2 00420082 
107   0x06d0  04000000 00000080 00007335 00420083 
108   0x06e0  04000000 00000080 00007399 00420084 
109   0x06f0  04000000 003fdc80 000073fd 00420085 
110   0x0700  04000000 00000480 00007462 00420086 
111   0x0710  04000000 003ffc80 000074c6 00420087 
112   0x0720  04000000 00000880 0000752b 00420088 
113   0x0730  04000000 00000480 0000758d 00420089 
114   0x0740  04000000 00000880 000075f1 0042008a 
115   0x0750  2c000000 00000480 00007656 0042008c 
116   0x0760  2c000000 00000480 000076ba 0042008d 
117   0x0770  2c000000 00000480 0000771e 0042008e 
118   0x0780  2c000000 003fe480 00007781 00420090 
119   0x0790  2c000000 003ffc80 000077e5 00420091 
120   0x07a0  2c000000 00000880 00007849 00420092 
121   0x07b0  2c000000 00000480 000078ae 00420093 
122   0x07c0  2c000000 003ffc80 00007912 00420094 
123   0x07d0  2c000000 00000080 00007976 00420095 
124   0x07e0  2c000000 00000880 000079d9 00420096 
125   0x07f0  2c000000 003ffc80 00007a3d 00420097 
126   0x0800  2c000000 00000480 00007aa1 00420099 
127   0x0810  2c000000 00000480 00007b06 0042009a 
128   0x0820  2c000000 00000880 00007b6a 0042009b 
129   0x0830  2c000000 003fd480 00007bd0 0042009c 
130   0x0840  2c000000 00000480 00007c31 0042009d 
131   0x0850  2c000000 003ff880 00007c95 0042009e 
132   0x0860  2c000000 00000080 00007cf9 0042009f 
133   0x0870  2c000000 00000880 00007d5e 004200a0 
134   0x0880  2c000000 003fe480 00007dc2 004200a1 
135   0x0890  2c000000 00000480 00007e26 004200a2 
136   0x08a0  2c000000 00000480 00007e89 004200a3 
137   0x08b0  2c000000 003ffc80 00007eed 004200a5 
138   0x08c0  2c000000 003ff880 00007f51 004200a6 
139   0x08d0  2c000000 00000080 00007fb6 004200a7 
140   0x08e0  2c000000 00000080 0000801a 004200a8 
141   0x08f0  2c000000 003ffc80 0000807e 004200a9 
142   0x0900  2c000000 003ff080 000080e1 004200aa 
143   0x0910  2c000000 00000080 00008145 004200ab 
144   0x0920  2c000000 003ffc80 000081a9 004200ac 
145   0x0930  2c000000 00000480 0000820e 004200ad 
146   0x0940  2c000000 00000480 00008272 004200ae 
147   0x0950  2c000000 00000080 000082d7 004200af 
148   0x0960  2c000000 003ff880 00008339 004200b1 
149   0x0970  2c000000 00000880 0000839d 004200b2 
150   0x0980  2c000000 00000480 00008402 004200b3 
151   0x0990  2c000000 00000080 00008466 004200b4 
152   0x09a0  2c000000 00000880 000084ca 004200b5 
153   0x09b0  2c000000 00000080 0000852d 004200b6 
154   0x09c0  2c000000 003ff080 00008591 004200b7 
155   0x09d0  2c000000 00000480 000085f5 004200b8 
156   0x09e0  2c000000 00000080 0000865a 004200b9 
157   0x09f0  2c000000 00000080 000086be 004200ba 
158   0x0a00  2c000000 00000480 00008722 004200bb 
159   0x0a10  04000000 003ff480 00008785 004200bd 
160   0x0a20  04000000 00000480 000087e9 004200be 
161   0x0a30  04000000 003ff080 0000884d 004200bf 
162   0x0a40  04000000 00000080 000088b2 004200c0 
163   0x0a50  04000000 00000080 00008916 004200c1 
164   0x0a60  04000000 003fe480 0000897a 004200c2 
165   0x0a70  04000000 00000080 000089dd 004200c3 
166   0x0a80  04000000 00000480 00008a41 004200c4 
167   0x0a90  04000000 00000880 00008aa5 004200c5 
168   0x0aa0  04000000 00000c80 00008b0a 004200c6 
169   0x0ab0  04000000 003ffc80 00008b6e 004200c7 
170   0x0ac0  2c000000 003ff480 00008bd2 004200c9 
171   0x0ad0  2c000000 00000880 00008c35 004200ca 
172   0x0ae0  2c000000 00000080 00008c99 004200cb 
173   0x0af0  2c000000 003ff880 00008cfd 004200cc 
174   0x0b00  2c000000 00000080 00008d62 004200cd 
175   0x0b10  2c000000 00000c80 00008dc6 004200ce 
176   0x0b20  2c000000 003ff880 00008e2b 004200cf 
177   0x0b30  2c000000 00000880 00008e8d 004200d0 
178   0x0b40  2c000000 003ff080 00008ef1 004200d1 
179   0x0b50  2c000000 003ff080 00008f56 004200d2 
180   0x0b60  2c000000 003ff080 00008fba 004200d3 
181   0x0b70  2c000000 00000480 0000901e 004200d5 
182   0x0b80  2c000000 00000080 00009081 004200d6 
183   0x0b90  2c000000 00000080 000090e5 004200d7 
184   0x0ba0  2c000000 003ff880 00009149 004200d8 
185   0x0bb0  2c000000 003ff880 000091ae 004200d9 
186   0x0bc0  2c000000 00000480 00009212 004200da 
187   0x0bd0  2c000000 00000480 00009276 004200db 
188   0x0be0  2c000000 00000c80 000092d9 004200dc 
189   0x0bf0  2c000000 003ffc80 0000933d 004200dd 
190   0x0c00  2c000000 00000480 000093a1 004200de 
191   0x0c10  2c000000 00000480 00009406 004200df 
192   0x0c20  04000000 00000880 0000946a 004200e1 
193   0x0c30  04000000 003ff880 000094ce 004200e2 
194   0x0c40  04000000 00000480 00009531 004200e3 
195   0x0c50  04000000 003ff880 00009595 004200e4 
196   0x0c60  04000000 003ff880 000095f9 004200e5 
197   0x0c70  04000000 00000080 0000965e 004200e6 
198   0x0c80  04000000 00000880 000096c2 004200e7 
199   0x0c90  04000000 00000880 00009726 004200e8 
200   0x0ca0  04000000 00000480 00009789 004200e9 
201   0x0cb0  04000000 00000080 000097ed 004200ea 
202   0x0cc0  04000000 00000080 00009851 004200eb 
203   0x0cd0  04000000 003ff880 000098b8 004200ed 
204   0x0ce0  04000000 003fe480 0000991a 004200ee 
205   0x0cf0  04000000 003ff880 0000997e 004200ef 
206   0x0d00  04000000 003fe480 000099e1 004200f0 
207   0x0d10  04000000 003ff480 00009a47 004200f1 
208   0x0d20  04000000 00000880 00009aa9 004200f2 
209   0x0d30  04000000 003ff880 00009b0e 004200f3 
210   0x0d40  04000000 003ff880 00009b72 004200f4 
211   0x0d50  04000000 003ff480 00009bd7 004200f5 
212   0x0d60  04000000 003ff880 00009c39 004200f6 
213   0x0d70  04000000 00000080 00009c9d 004200f7 
214   0x0d80  2c000000 00000880 00009d02 004200f9 
215   0x0d90  2c000000 003ff880 00009d66 004200fa 
216   0x0da0  2c000000 00000080 00009dca 004200fb 
217   0x0db0  2c000000 00000080 00009e2d 004200fc 
218   0x0dc0  2c000000 00000080 00009e91 004200fe 
219   0x0dd0  2c000000 00000880 00009ef5 004200ff 
220   0x0de0  2c000000 003ff880 00009f5a 00420100 
221   0x0df0  2c000000 003ff080 00009fbe 00420101 
222   0x0e00  2c000000 00000480 0000a022 00420102 
223   0x0e10  2c000000 00000080 0000a085 00420103 
224   0x0e20  2c000000 00000880 0000a0e9 00420104 
225   0x0e30  2c000000 003ff080 0000a14d 00420106 
226   0x0e40  2c000000 003ff880 0000a1b2 00420107 
227   0x0e50  2c000000 00000880 0000a216 00420108 
228   0x0e60  2c000000 00000480 0000a27a 00420109 
229   0x0e70  2c000000 00000480 0000a2dd 0042010a 
230   0x0e80  2c000000 00000480 0000a341 0042010b 
231   0x0e90  2c000000 003ff880 0000a3a5 0042010c 
232   0x0ea0  2c000000 003ff080 0000a40a 0042010d 
233   0x0eb0  2c000000 00000480 0000a46e 0042010e 
234   0x0ec0  2c000000 003ffc80 0000a4d2 0042010f 
235   0x0ed0  2c000000 00000080 0000a535 00420110 
236   0x0ee0  2c000000 003ff080 0000a599 00420112 
237   0x0ef0  2c000000 003ffc80 0000a5fd 00420113 
238   0x0f00  2c000000 00000480 0000a662 00420114 
239   0x0f10  2c000000 003ffc80 0000a6c6 00420115 
240   0x0f20  2c000000 003ffc80 0000a72b 00420116 
241   0x0f30  2c000000 00000080 0000a78d 00420117 
242   0x0f40  2c000000 00000080 0000a7f1 00420118 
243   0x0f50  2c000000 003ff080 0000a856 00420119 
244   0x0f60  2c000000 00000080 0000a8ba 0042011a 
245   0x0f70  2c000000 00000480 0000a91e 0042011b 
246   0x0f80  2c000000 00000480 0000a981 0042011c 
247   0x0f90  2c000000 00000880 0000a9e5 0042011e 
248   0x0fa0  2c000000 003fe480 0000aa49 0042011f 
249   0x0fb0  2c000000 00000080 0000aaae 00420120 
250   0x0fc0  2c000000 00000080 0000ab12 00420121 
251   0x0fd0  2c000000 003ffc80 0000ab78 00420122 
252   0x0fe0  2c000000 00000480 0000abd9 00420123 
253   0x0ff0  2c000000 003ff880 0000ac3d 00420124 
254   0x1000  2c000000 00000480 0000aca1 00420125 
255   0x1010  2c000000 00000880 0000ad06 00420126 
256   0x1020  2c000000 003ffc80 0000ad6a 00420127 
257   0x1030  2c000000 00000480 0000adce 00420128 
258   0x1040  2c000000 00000080 0000ae31 0042012a 
259   0x1050  2c000000 003ffc80 0000ae95 0042012b 
260   0x1060  2c000000 003ff880 0000aef9 0042012c 
261   0x1070  2c000000 00000480 0000af5e 0042012d 
262   0x1080  2c000000 00000480 0000afc2 0042012e 
263   0x1090  2c000000 00000080 0000b026 0042012f 
264   0x10a0  2c000000 003ffc80 0000b089 00420130 
265   0x10b0  2c000000 00000480 0000b0ed 00420131 
266   0x10c0  2c000000 00000480 0000b151 00420132 
267   0x10d0  2c000000 003ff880 0000b1b6 00420133 
268   0x10e0  2c000000 00000080 0000b21a 00420134 
269   0x10f0  2c000000 003ff080 0000b27e 00420136 
270   0x1100  2c000000 00000080 0000b2e1 00420137 
271   0x1110  2c000000 00000080 0000b345 00420138 
272   0x1120  2c000000 00000880 0000b3a9 00420139 
273   0x1130  2c000000 003ff080 0000b40e 0042013a 
274   0x1140  2c000000 00000880 0000b472 0042013b 
275   0x1150  2c000000 003ff880 0000b4d7 0042013c 
276   0x1160  2c000000 00000880 0000b539 0042013d 
277   0x1170  2c000000 00000080 0000b59d 0042013e 
278   0x1180  2c000000 00000080 0000b602 0042013f 
279   0x1190  2c000000 00000080 0000b666 00420140 
280   0x11a0  2c000000 003ff880 0000b6ca 00420142 
281   0x11b0  2c000000 00000080 0000b72d 00420143 
282   0x11c0  2c000000 00000080 0000b791 00420144 
283   0x11d0  2c000000 003ff880 0000b7f5 00420145 
284   0x11e0  2c000000 00000080 0000b85a 00420146 
285   0x11f0  2c000000 00000080 0000b8be 00420147 
286   0x1200  2c000000 00000080 0000b922 00420148 
287   0x1210  2c000000 003ff080 0000b985 00420149 
288   0x1220  2c000000 003ffc80 0000b9e9 0042014a 
289   0x1230  2c000000 00000080 0000ba4d 0042014b 
290   0x1240  2c000000 003ff480 0000bab2 0042014c 
291   0x1250  2c000000 003ff880 0000bb16 0042014e 
292   0x1260  2c000000 003ffc80 0000bb7a 0042014f 
293   0x1270  2c000000 003ff080 0000bbdd 00420150 
294   0x1280  2c000000 003ff880 0000bc41 00420151 
295   0x1290  2c000000 003ff880 0000bca5 00420152 
296   0x12a0  2c000000 00000880 0000bd0a 00420153 
297   0x12b0  2c000000 003fe480 0000bd6e 00420154 
298   0x12c0  2c000000 00000080 0000bdd2 00420155 
299   0x12d0  2c000000 00000080 0000be35 00420156 
300   0x12e0  2c000000 00000480 0000be99 00420157 
301   0x12f0  2c000000 00000080 0000befd 00420158 
302   0x1300  2c000000 00000480 0000bf62 0042015a 
303   0x1310  2c000000 003ff880 0000bfc6 0042015b 
304   0x1320  2c000000 00000080 0000c02b 0042015c 
305   0x1330  2c000000 00000880 0000c08d 0042015d 
306   0x1340  2c000000 003ff080 0000c0f1 0042015e 
307   0x1350  2c000000 00000480 0000c156 0042015f 
308   0x1360  2c000000 003ff880 0000c1ba 00420160 
309   0x1370  2c000000 003ff880 0000c21e 00420161 
310   0x1380  2c000000 003ff480 0000c281 00420162 
311   0x1390  2c000000 00000880 0000c2e5 00420163 
312   0x13a0  fc000000 00000080 000130d0 00420164 
313   0x13b0  fc000000 00000080 000130ef 00420166 
314   0x13c0  ec000000 003ff880 00013147 0042016a 
315   0x13d0  ec000000 003ff080 000131ac 0042016b 
316   0x13e0  ec000000 003ff080 0001320e 0042016c 
317   0x13f0  ec000000 003ff880 00013272 0042016d 
318   0x1400  ec000000 00000880 000132d7 0042016e 
319   0x1410  ec000000 00000480 0001333b 0042016f 
320   0x1420  ec000000 00000080 0001339f 00420170 
321   0x1430  ec000000 003ff880 00013402 00420171 
322   0x1440  ec000000 003ff880 00013466 00420172 
323   0x1450  ec000000 003ffc80 000134ca 00420173 
324   0x1460  ec000000 00000080 0001352f 00420174 
325   0x1470  2c000000 003ff880 00013593 00420176 
326   0x1480  2c000000 00000080 000135f7 00420177 
327   0x1490  2c000000 003ff480 0001365a 00420178 
328   0x14a0  2c000000 00000880 000136be 00420179 
329   0x14b0  2c000000 00000080 00013722 0042017a 
330   0x14c0  2c000000 00000080 00013787 0042017b 
331   0x14d0  2c000000 00000880 000137eb 0042017c 
332   0x14e0  2c000000 00000480 0001384f 0042017d 
333   0x14f0  2c000000 00000080 000138b2 0042017e 
334   0x1500  2c000000 00000080 00013916 0042017f 
335   0x1510  2c000000 003ffc80 0001397a 00420180 
336   0x1520  2c000000 00000080 000139df 00420182 
337   0x1530  2c000000 00000080 00013a43 00420183 
338   0x1540  2c000000 00000080 00013aa7 00420184 
339   0x1550  2c000000 00000880 00013b0a 00420185 
340   0x1560  2c000000 00000880 00013b6e 00420186 
341   0x1570  2c000000 003fe480 00013bd2 00420187 
342   0x1580  2c000000 003ff880 00013c37 00420188 
343   0x1590  2c000000 003ff080 00013c9b 00420189 
344   0x15a0  2c000000 00000080 00013d00 0042018a 
345   0x15b0  2c000000 00000880 00013d62 0042018b 
346   0x15c0  2c000000 00000080 00013dc6 0042018c 
347   0x15d0  2c000000 00000880 00013e2b 0042018e 
348   0x15e0  2c000000 00000080 00013e8f 0042018f 
349   0x15f0  2c000000 003ffc80 00013ef3 00420190 
350   0x1600  2c000000 00000480 00013f56 00420191 
351   0x1610  2c000000 00000080 00013fba 00420192 
352   0x1620  2c000000 003fe480 0001401e 00420193 
353   0x1630  2c000000 00000880 00014083 00420194 
354   0x1640  2c000000 00000080 000140e7 00420195 
355   0x1650  2c000000 003ffc80 0001414d 00420196 
356   0x1660  2c000000 00000080 000141ae 00420197 
357   0x1670  2c000000 00000080 00014212 00420198 
358   0x1680  2c000000 003ff880 00014276 0042019a 
359   0x1690  2c000000 00000080 000142db 0042019b 
360   0x16a0  2c000000 00000880 0001433f 0042019c 
361   0x16b0  2c000000 003fe480 000143a3 0042019d 
362   0x16c0  2c000000 00000080 00014406 0042019e 
363   0x16d0  2c000000 00000480 0001446a 0042019f 
364   0x16e0  2c000000 00000080 000144ce 004201a0 
365   0x16f0  2c000000 00000080 00014533 004201a1 
366   0x1700  2c000000 00000080 00014597 004201a2 
367   0x1710  2c000000 00000080 000145fb 004201a3 
368   0x1720  2c000000 003ff880 0001465e 004201a4 
369   0x1730  2c000000 00000880 000146c2 004201a6 
370   0x1740  2c000000 003fe480 00014726 004201a7 
371   0x1750  2c000000 00000080 0001478b 004201a8 
372   0x1760  2c000000 00000480 000147ef 004201a9 
373   0x1770  2c000000 00000880 00014853 004201aa 
374   0x1780  2c000000 00000880 000148b6 004201ab 
375   0x1790  2c000000 00000c80 0001491a 004201ac 
376   0x17a0  2c000000 00000880 0001497e 004201ad 
377   0x17b0  2c000000 003ffc80 000149e3 004201ae 
378   0x17c0  2c000000 00000080 00014a47 004201af 
379   0x17d0  2c000000 003ff880 00014aac 004201b0 
380   0x17e0  04000000 003fe480 00014b0e 004201b2 
381   0x17f0  04000000 003ff080 00014b72 004201b3 
382   0x1800  04000000 00000880 00014bd7 004201b4 
383   0x1810  04000000 00000080 00014c3b 004201b5 
384   0x1820  04000000 00000c80 00014c9f 004201b6 
385   0x1830  04000000 00000080 00014d02 004201b7 
386   0x1840  04000000 003ff880 00014d66 004201b8 
387   0x1850  04000000 003ff080 00014dca 004201b9 
388   0x1860  04000000 003ff880 00014e2f 004201ba 
389   0x1870  04000000 00000080 00014e93 004201bb 
390   0x1880  04000000 003ffc80 00014ef7 004201bc 
391   0x1890  2c000000 00000880 00014f5a 004201be 
392   0x18a0  2c000000 00000080 00014fbe 004201bf 
393   0x18b0  2c000000 00000880 00015022 004201c0 
394   0x18c0  2c000000 00000480 00015087 004201c1 
395   0x18d0  2c000000 00000880 000150eb 004201c2 
396   0x18e0  2c000000 003ff880 0001514f 004201c3 
397   0x18f0  2c000000 00000880 000151b2 004201c4 
398   0x1900  2c000000 00000480 00015216 004201c5 
399   0x1910  2c000000 003ff080 0001527a 004201c6 
400   0x1920  2c000000 00000880 000152df 004201c7 
401   0x1930  2c000000 00000480 00015343 004201c8 
402   0x1940  04000000 00000480 000153a7 004201ca 
403   0x1950  04000000 00000880 0001540a 004201cb 
404   0x1960  04000000 003ff080 0001546e 004201cc 
405   0x1970  04000000 00000080 000154d2 004201cd 
406   0x1980  04000000 00000080 00015537 004201ce 
407   0x1990  04000000 00000080 0001559b 004201cf 
408   0x19a0  04000000 00000880 00015600 004201d0 
409   0x19b0  04000000 00000480 00015662 004201d1 
410   0x19c0  04000000 003ffc80 000156c6 004201d2 
411   0x19d0  04000000 00000480 0001572b 004201d3 
412   0x19e0  04000000 003ff880 0001578f 004201d4 
413   0x19f0  04000000 00000c80 00015802 004201d7 
414   0x1a00  04000000 00000480 00015856 004201d8 
415   0x1a10  04000000 00000080 000158ba 004201d9 
416   0x1a20  04000000 003ff080 0001591e 004201da 
417   0x1a30  04000000 00000480 00015983 004201db 
418   0x1a40  04000000 00000480 000159e7 004201dc 
419   0x1a50  04000000 00000880 00015a4b 004201dd 
420   0x1a60  04000000 00000080 00015aae 004201de 
421   0x1a70  04000000 003ff080 00015b12 004201df 
422   0x1a80  04000000 00000080 00015b76 004201e0 
423   0x1a90  04000000 00000880 00015bdb 004201e1 
424   0x1aa0  04000000 003ff480 00015c3f 004201e3 
425   0x1ab0  04000000 00000c80 00015ca3 004201e4 
426   0x1ac0  04000000 00000080 00015d06 004201e5 
427   0x1ad0  04000000 003ff880 00015d6a 004201e6 
428   0x1ae0  04000000 00000480 00015dce 004201e7 
429   0x1af0  04000000 00000480 00015e33 004201e8 
430   0x1b00  04000000 003ffc80 00015e97 004201e9 
431   0x1b10  04000000 00000480 00015efb 004201ea 
432   0x1b20  04000000 00000480 00015f5e 004201eb 
433   0x1b30  04000000 00000480 00015fc2 004201ec 
434   0x1b40  04000000 00000880 00016026 004201ed 
435   0x1b50  04000000 00000880 0001608b 004201ef 
436   0x1b60  04000000 003ff880 000160ef 004201f0 
437   0x1b70  04000000 00000480 00016153 004201f1 
438   0x1b80  04000000 00000080 000161b6 004201f2 
439   0x1b90  04000000 003fe480 0001621a 004201f3 
440   0x1ba0  04000000 00000480 0001627e 004201f4 
441   0x1bb0  04000000 00000080 000162e3 004201f5 
442   0x1bc0  04000000 00000080 00016347 004201f6 
443   0x1bd0  04000000 003ff880 000163ac 004201f7 
444   0x1be0  04000000 003ffc80 0001640e 004201f8 
445   0x1bf0  04000000 00000080 00016472 004201f9 
446   0x1c00  2c000000 00000480 000164d7 004201fb 
447   0x1c10  2c000000 003ff880 0001653b 004201fc 
448   0x1c20  2c000000 00000080 0001659f 004201fd 
449   0x1c30  2c000000 00000c80 00016602 004201fe 
450   0x1c40  2c000000 00000480 00016666 004201ff 
451   0x1c50  2c000000 003ff080 000166ca 00420200 
452   0x1c60  2c000000 003ff880 0001672f 00420201 
453   0x1c70  2c000000 003ffc80 00016793 00420202 
454   0x1c80  2c000000 00000880 000167f7 00420203 
455   0x1c90  2c000000 003ffc80 0001685a 00420204 
456   0x1ca0  2c000000 00000880 000168be 00420205 
457   0x1cb0  2c000000 00000080 00016922 00420207 
458   0x1cc0  2c000000 00000080 00016987 00420208 
459   0x1cd0  2c000000 003ff080 000169eb 00420209 
460   0x1ce0  2c000000 00000480 00016a4f 0042020a 
461   0x1cf0  2c000000 00000080 00016ab2 0042020b 
462   0x1d00  2c000000 00000480 00016b16 0042020c 
463   0x1d10  2c000000 00000080 00016b7a 0042020d 
464   0x1d20  2c000000 00000880 00016bdf 0042020e 
465   0x1d30  2c000000 00000480 00016c43 0042020f 
466   0x1d40  2c000000 003fdc80 00016ca7 00420210 
467   0x1d50  2c000000 00000080 00016d0a 00420211 
468   0x1d60  2c000000 00000880 00016d6e 00420213 
469   0x1d70  2c000000 00000080 00016dd2 00420214 
470   0x1d80  2c000000 00000080 00016e37 00420215 
471   0x1d90  2c000000 00000080 00016e9b 00420216 
472   0x1da0  2c000000 003ff880 00016f00 00420217 
473   0x1db0  2c000000 003fe480 00016f62 00420218 
474   0x1dc0  2c000000 00000880 00016fc6 00420219 
475   0x1dd0  2c000000 003fe480 0001702b 0042021a 
476   0x1de0  2c000000 00000c80 0001708f 0042021b 
477   0x1df0  2c000000 003ffc80 000170f3 0042021c 
478   0x1e00  2c000000 00000880 00017156 0042021d 
479   0x1e10  2c000000 003ff880 000171ba 0042021f 
480   0x1e20  2c000000 00000880 0001721e 00420220 
481   0x1e30  2c000000 003ff080 00017283 00420221 
482   0x1e40  2c000000 003ff080 000172e7 00420222 
483   0x1e50  2c000000 003ffc80 0001734d 00420223 
484   0x1e60  2c000000 00000080 000173ae 00420224 
485   0x1e70  2c000000 003ff880 00017412 00420225 
486   0x1e80  2c000000 003ff880 00017476 00420226 
487   0x1e90  2c000000 00000c80 000174db 00420227 
488   0x1ea0  2c000000 00000480 0001753f 00420228 
489   0x1eb0  2c000000 00000480 000175a3 00420229 
490   0x1ec0  2c000000 00000480 00017606 0042022b 
491   0x1ed0  2c000000 003ff880 0001766a 0042022c 
492   0x1ee0  2c000000 003ff880 000176ce 0042022d 
493   0x1ef0  2c000000 003fe480 00017733 0042022e 
494   0x1f00  2c000000 00000080 00017797 0042022f 
495   0x1f10  2c000000 003ffc80 000177fb 00420230 
496   0x1f20  2c000000 00000080 0001785e 00420231 
497   0x1f30  2c000000 00000c80 000178c2 00420232 
498   0x1f40  2c000000 003ffc80 00017926 00420233 
499   0x1f50  2c000000 003ff880 0001798b 00420234 

Minute Rollup
rec#  Offset  32............................Byte....................................0
000   0x3ea0  ff6fffff ffdf6000 1d3e000c cc000007 efa0007e 00000000 0001312d 00420169 
001   0x3ec0  003b0000 0fc00400 00040001 e400000e aaa0007e 01f807e0 011928d2 003f3097 
002   0x3ee0  003b0000 0fc00400 00040001 e4000008 a920007e 01f807e0 011a1341 003f332c 
003   0x3f00  003b0000 0fc00400 00040001 e400000e aaa0007e 01f807e0 011afdae 003f35c2 
004   0x3f20  003b0000 0fc00400 00040001 e400095e 0000007e 01f807e0 011be81c 003f3858 
005   0x3f40  003b0000 0fc00400 00040001 e400000e aa60007e 01f807e0 011cd289 003f3aed 
006   0x3f60  003b0000 0fc00400 00040001 e400000e ab80007e 01f807e0 011dbd00 003f3d84 
007   0x3f80  003b0000 0fc00400 00040001 e400000e aa40007e 01f807e0 011ea76e 003f4019 
008   0x3fa0  003b0000 0fc00400 00040001 e400095e 0000007e 01f807e0 011f91db 003f42af 
009   0x3fc0  003b0000 0fc00400 00040001 e600000e a820007e 01f807e0 01207c49 003f4544 
010   0x3fe0  003b0000 0fc00400 00040001 e400000e aa80007e 01f807e0 012166c4 003f47da 
011   0x4000  003b0000 0fc00400 00040001 e400095e 0000007e 01f807e0 01225131 003f4a6f 
012   0x4020  003b0000 0fc00400 00040001 e400095e a880007e 01f807e0 01233ba9 003f4d06 
013   0x4040  003b0000 0fc00400 00040001 e400095e a920007e 01f807e0 01242618 003f4f9c 
014   0x4060  003b0000 0fc00400 00040001 e400095e 0000007e 01f807e0 01251085 003f5231 
015   0x4080  006f0000 0fc48c15 c1380016 fc16a001 e500007e 01f807e0 0000ec72 003f583a 
016   0x40a0  00400000 0fc48c16 01380016 fc16e001 f800007e 01f807e0 0001d6df 003f5ad0 
017   0x40c0  003b0000 0fc48e16 01380016 f416e001 f340007e 01f807e0 0002c14d 003f5d65 
018   0x40e0  006f0000 0fc00000 00000002 20000003 f0a0007e 01f807e0 0000ec74 003f605a 
019   0x4100  006f0000 0fd58c16 d7ec011e c8173bf1 f640007e 01f807e0 0000ec4b 003f652d 
020   0x4120  006f0000 0fc00000 01f20001 be000002 60a0007e 01f807e0 0000ec49 003f683f 
021   0x4140  006f0000 00065815 631e0036 7c162001 b0c00028 fdfbf7e0 0000ec66 003f6e11 
022   0x4160  003b0000 00064015 83200036 74164001 b6e00000 fdfbf7e0 0001d6d4 003f70a7 
023   0x4180  006f0000 00063c15 63640036 b4162001 b0a00014 fdfbf7e0 0000ec66 003f753f 
024   0x41a0  003c0000 00063e15 83640036 b4164001 b6a00000 fdfbf7e0 0001d6d4 003f77d5 
025   0x41c0  006f0000 00063e15 63620036 74162000 00000014 fdfbf7e0 0000ec66 003f7bbf 
026   0x41e0  006f0000 0fd66c16 77da0114 ce166000 0000007e 00000000 0000ec74 003f80b4 
027   0x4200  006f0000 0fd66616 77da0116 ec168000 0000007e 01f807e0 0000ec66 003f8372 
028   0x4220  003b0000 0fd7aa16 b7dc0116 ec16a000 0000007e fdfbf7e0 0001d6d4 003f8608 
029   0x4240  003c0000 0017ac16 d7da0116 ee16c000 00000000 fdfbf7e0 0002c143 003f889d 
030   0x4260  003c0000 0017b216 f7da0116 f416c000 00000000 fdfbf7e0 0003abb0 003f8b33 
031   0x4280  00400000 0017ba16 97de0116 fa168001 ce20007e fdfbf7e0 0004961e 003f8dc8 
032   0x42a0  00400000 0017a616 17d80115 0a160000 0000007e 00000000 00058097 003f905f 
033   0x42c0  006f0000 0017aa16 07de005b 10160a0d 9400007e fdfbf7e0 0000ec64 003f96ca 
034   0x42e0  00400000 0017a816 07dc0059 2e1629fd 9400007e 00000000 0001d6d2 003f9960 
035   0x4300  00400000 0017ac16 67de005b 10168a1b bfc0007e fdfbf7e0 0002c141 003f9bf5 
036   0x4320  00400000 0017b816 e7e0005b 1a170b8f f180007e fdfbf7e0 0003abae 003f9e8b 
037   0x4340  00400000 0017ba16 e7e0005b 1e170b99 f1a00000 fdfbf7e0 0004961c 003fa120 
038   0x4360  00400000 0017ac16 e7de005b 121709fb f2c00000 fdfbf7e0 00058089 003fa3b6 
039   0x4380  00400000 0017ac16 e7de005b 121709f9 f1c00000 fdfbf7e0 00066b00 003fa64c 
040   0x43a0  00400000 0017ac16 e7de005b 121709f9 f3800000 fdfbf7e0 0007556e 003fa8e2 
041   0x43c0  00400000 0017b616 e7de005b 1c170b25 f1000000 fdfbf7e0 00083fdb 003fab78 
042   0x43e0  00400000 0017ac16 07de005b 101629fb 93400000 fdfbf7e0 00092a49 003fae0d 
043   0x4400  00400000 0017ac16 87de005b 1016aa0d c780007e fdfbf7e0 000a14b8 003fb0a3 
044   0x4420  00400000 0017ac16 e7de005b 10170a31 ef60007e fdfbf7e0 000aff26 003fb338 
045   0x4440  00400000 0017ac16 e7de005b 10170a0d f060007e fdfbf7e0 000be99f 003fb5cf 
046   0x4460  00400000 0017a816 e7dc0059 2e16e9fd f100007e 00000000 000cd40e 003fb864 
047   0x4480  006f0000 00066415 e3100036 e016a001 e8c00044 fdfbf7e0 0000ec66 003fbc6f 
048   0x44a0  00400000 00066416 03080036 de16c001 eb600000 fdfbf7e0 0001d6d4 003fbf05 
049   0x44c0  00400000 00066416 03080036 e016c001 eb000000 fdfbf7e0 0002c143 003fc19a 
050   0x44e0  00400000 00066416 03080036 de16c001 eb800000 fdfbf7e0 0003abb0 003fc430 
051   0x4500  00400000 00066415 83080036 de164001 b5200000 fdfbf7e0 00049620 003fc6c5 
052   0x4520  00400000 00066415 83080016 de164001 b580007e fdfbf7e0 0005808f 003fc95b 
053   0x4540  00400000 00061015 e2bc0016 e016a000 0000007e 59f927e0 00066b06 003fcbf1 
054   0x4560  006f0000 0fd7a816 63dc0036 de166000 0000007e fdfbf7e0 0000ec68 003fceeb 
055   0x4580  006f0000 0017a816 07dc0052 ec15fbf5 a060007e fdfbf7e0 0000ec64 003fd26f 
056   0x45a0  006f0000 0117a816 87da0052 e61673f8 0000007e fdfbf7e0 0000ec76 003fd684 
057   0x45c0  003b0000 0017a816 07d80052 e815f3f6 00000000 fdfbf7e0 0001d6e5 003fd91a 
058   0x45e0  003b0000 0017a816 27d80052 e615f3f6 0000007c fdfbf7e0 0002c153 003fdbaf 
059   0x4600  003b0000 0017a816 07d80052 e615f3f6 00000000 fdfbf7e0 0003abc2 003fde45 
060   0x4620  003b0000 0017a816 07d80052 e815f3f6 00000000 fdfbf7e0 0004962f 003fe0da 
061   0x4640  003b0000 0017a816 27d80052 e615f3f6 00000000 fdfbf7e0 000580a7 003fe371 
062   0x4660  003b0000 0017a816 07d80052 e615f3f6 00000000 fdfbf7e0 00066b16 003fe606 
063   0x4680  003b0000 0017a816 07d80052 e615f3f6 00000000 fdfbf7e0 00075583 003fe89c 
064   0x46a0  003b0000 0017a816 07d80052 e615f3f8 00000000 fdfbf7e0 00083ff1 003feb32 
065   0x46c0  003b0000 0017a616 07d80052 e615f3f6 00000000 fdfbf7e0 00092a5e 003fedc7 
066   0x46e0  003b0000 0017a816 07d80052 e615f3f8 00000028 fdfbf7e0 000a14cc 003ff05d 
067   0x4700  003b0000 0017a616 27d80052 e615f3f6 00000000 fdfbf7e0 000aff45 003ff2f3 
068   0x4720  003b0000 0017a616 07d60052 e615f3f6 00000000 fdfbf7e0 000be9b2 003ff589 
069   0x4740  003b0000 0017a616 07d60052 e615f3f6 00000000 fdfbf7e0 000cd420 003ff81e 
070   0x4760  003b0000 0017a616 07d60052 e615f3f6 00000000 fdfbf7e0 000dbe8f 003ffab4 
071   0x4780  003b0000 0017a616 07d60052 e615f3f6 00000000 fdfbf7e0 000ea8fd 003ffd49 
072   0x47a0  003b0000 0017a616 07d60052 e615f3f8 00000000 fdfbf7e0 000f936c 003fffdf 
073   0x47c0  003b0000 0017a616 27d60052 e615f3f6 0000007e fdfbf7e0 00107dd9 00400275 
074   0x47e0  003b0000 0017a616 27d60052 e615f3f6 00000000 fdfbf7e0 00116851 0040050b 
075   0x4800  006f0000 0fd65819 e7d6007e e21a5bf7 5240007e 01f807e0 0000ec53 004009c7 
076   0x4820  003b0000 0fd5c81a 07d6007e e21a9bf9 59e0007e 01f807e0 0001d6e7 00400c5f 
077   0x4840  006f0000 0fc1b800 01dc0001 d6000006 0000007e 01f807e0 0000ec66 004011b4 
078   0x4860  003b0000 0fc03a00 01dc0001 d6000006 0000007e 01f807e0 0001d6d4 0040144a 
079   0x4880  003b0000 0fc03a00 01dc0001 d6000006 0000007e 01f807e0 0002c143 004016df 
080   0x48a0  003b0000 0fc03a00 01dc0001 d6000006 0000007e 01f807e0 0003abb0 00401975 
081   0x48c0  003b0000 0fc03a00 01dc0001 d6000006 0000007e 01f807e0 0004961e 00401c0a 
082   0x48e0  003b0000 0fc03a00 01dc0001 d6000006 0000007e 01f807e0 0005809f 00401ea1 
083   0x4900  003b0000 0fc03a00 01dc0001 d6000006 0000007e 01f807e0 00066b0e 00402136 
084   0x4920  003b0000 0fc03a00 01dc0001 d8000006 0000007e 01f807e0 0007557c 004023cc 
085   0x4940  003c0000 0fc03a00 01e00001 da000006 0000007e 01f807e0 00083ff7 00402662 
086   0x4960  006f0000 0fc1ba00 01e20001 de000006 0000007e 01f807e0 0000ec68 00402a8c 
087   0x4980  006f0000 0fc1ba00 01e40001 de000005 4180007e 01f807e0 0000ec66 00402d59 
088   0x49a0  003c0000 0fc03c00 01e40001 de000006 0000007e 01f807e0 0001d6d4 00402fef 
089   0x49c0  003c0000 0fc03c00 01dc0001 d6000006 0000007e 01f807e0 0002c145 00403284 
090   0x49e0  003c0000 0fc03c00 01dc0001 d6000006 0000007e 01f807e0 0003abb2 0040351a 
091   0x4a00  003c0000 0fc03c00 01dc0001 d6000006 0000007e 01f807e0 00049620 004037af 
092   0x4a20  003c0000 0fc03c00 01dc0001 d6000006 0000007e 01f807e0 0005809b 00403a46 
093   0x4a40  003b0000 0fc21400 01dc0001 d6000006 0000007e 01f807e0 00066b08 00403cdb 
094   0x4a60  003b0000 0fc21600 01de0001 d6000006 0000007e 01f807e0 00075576 00403f71 
095   0x4a80  003b0000 0fc21600 01dc0001 d6000006 0000007e 01f807e0 00083fe5 00404207 
096   0x4aa0  00400000 0fc21600 01e40001 de000006 0000007e 01f807e0 00092a53 0040449c 
097   0x4ac0  006f0000 0fc19e00 01a60001 a2000008 0000007e 01f807e0 0000ec68 00404928 
098   0x4ae0  003c0000 0fc00200 01a00001 9c000008 0000007e 01f807e0 0001d6d7 00404bbe 
099   0x4b00  003c0000 0fc00000 01a00001 9c000008 0000007e 01f807e0 0002c145 00404e53 
100   0x4b20  003c0000 0fc00000 01a00001 9c000008 0000007e 01f807e0 0003abb2 004050e9 
101   0x4b40  003c0000 0fc00000 01a00001 9c000008 0000007e 01f807e0 00049620 0040537e 
102   0x4b60  003c0000 0fc00000 01a00001 9c000006 0000007e 01f807e0 0005809f 00405615 
103   0x4b80  003b0000 0fc00000 01a00001 9c000006 0000007e 01f807e0 00066b26 004058aa 
104   0x4ba0  003c0000 0fc00000 01a00001 9c000008 0000007e 01f807e0 00075595 00405b40 
105   0x4bc0  006f0000 0fc15400 01a60001 a2000008 0000007e 01f807e0 0000ec66 00405f10 
106   0x4be0  003c0000 0fc00000 01a20001 9c000008 0000007e 01f807e0 0001d6e5 004061a6 
107   0x4c00  00400000 0fc00200 01a60001 a2000008 0000007e 01f807e0 0002c153 0040643b 
108   0x4c20  00400000 0fc00000 01a60001 a2000004 0000007e 01f807e0 0003abc2 004066d1 
109   0x4c40  006f0000 0fc18e00 01e40001 de000009 55e0007e 01f807e0 0000ec78 00406c49 
110   0x4c60  003b0000 0fc1da00 01dc0001 d6000008 c200007e 01f807e0 0001d6e9 00406edf 
111   0x4c80  003c0000 0fc02c00 01dc0001 d6000007 4860007e 01f807e0 0002c156 00407174 
112   0x4ca0  003b0000 0fc00200 01dc0001 d600000b 5200007e 01f807e0 0003abd2 0040740a 
113   0x4cc0  00400000 0fc00000 01e40001 de000009 5d00007e 01f807e0 0004964b 004076a0 
114   0x4ce0  003c0000 0fc00000 01e40001 de000009 5220007e 01f807e0 000580ba 00407936 
115   0x4d00  003b0000 0fc00000 01dc0001 d6000009 5140007e 01f807e0 00066b28 00407bcb 
116   0x4d20  003c0000 0fc00000 01dc0001 d6000009 5220007e 01f807e0 00075597 00407e61 
117   0x4d40  003b0000 0fc00000 01dc0001 d6000009 5260007e 01f807e0 00084012 004080f7 
118   0x4d60  003b0000 0fc00000 01dc0001 d600000b 5080007e 01f807e0 00092a8b 0040838d 
119   0x4d80  003c0000 0fc00200 01dc0001 d6000009 51a0007e 01f807e0 000a1500 00408623 
120   0x4da0  006f0000 0001e400 01e60001 e200000b 00c00014 fdfbf7e0 0000ec74 00408aff 
121   0x4dc0  003b0000 0001e200 01e80001 e200000a fba00000 fdfbf7e0 0001d6ef 00408d95 
122   0x4de0  006f0000 0fc1e400 01e80001 e2000009 2fe0007e 01f807e0 0000ec68 004090b5 
123   0x4e00  003c0000 0fc00600 01e80001 e2000009 4f00007e 01f807e0 0001d6ed 0040934b 
124   0x4e20  006f0000 008d8000 18560029 d000001f eea00054 fdfbf7e0 0000ec6a 004096af 
125   0x4e40  003b0000 0001e200 01e40001 e4000033 dca0007e fdfbf7e0 0001d6d7 00409945 
126   0x4e60  006f0000 038d8000 1852002e 66000037 d640007e fdfbf7e0 0000ec64 00409d5e 
127   0x4e80  006f0000 0fcd8000 1eb80029 d000000b a220007e fdfbf7e0 0000ec68 0040a0b4 
128   0x4ea0  003b0000 0001e200 01e40001 e2000027 37c0007e fdfbf7e0 0001d6d7 0040a34a 
129   0x4ec0  006f0000 080d7a00 38520032 fa002008 f4400058 fdfbf7e0 0000ec81 0040a92e 
130   0x4ee0  003b0000 0001ea00 21e20021 ea00200f 0da0007e fdfbf7e0 0001d6fb 0040abc4 
131   0x4f00  003b0000 0001e000 21e00021 e2002009 05000000 fdfbf7e0 0002c16c 0040ae59 
132   0x4f20  003b0000 0001e200 21e00021 e2002009 22200000 fdfbf7e0 0003abd9 0040b0ef 
133   0x4f40  003b0000 0001e000 21e00021 e2002009 37e00000 fdfbf7e0 00049656 0040b385 
134   0x4f60  003b0000 0001e200 21e00021 e0002009 40e00000 fdfbf7e0 000580c4 0040b61b 
135   0x4f80  003b0000 0001e000 21e00021 e2002009 40200000 fdfbf7e0 00066b3f 0040b8b0 
136   0x4fa0  003c0000 0001e200 21e00021 e200200b 3bc00000 fdfbf7e0 000755ba 0040bb46 
137   0x4fc0  003c0000 0001e200 21e00021 e0002009 3ec00000 fdfbf7e0 0008402b 0040bddc 
138   0x4fe0  003c0000 0001e000 21e00021 e200200b 40200000 fdfbf7e0 00092aa9 0040c072 
139   0x5000  003c0000 0001e000 21e00021 e2002009 42a00000 fdfbf7e0 000a151e 0040c308 
140   0x5020  003c0000 0001e000 21e00021 e2002009 33600000 fdfbf7e0 000aff8f 0040c59d 
141   0x5040  003b0000 0001e000 21e00021 e200200b 1e600000 fdfbf7e0 000bea00 0040c833 
142   0x5060  003b0000 0001e000 01e00001 e000000a 63600000 fdfbf7e0 000cd46e 0040cac8 
143   0x5080  006f0000 010d4600 18b00025 9a000035 5b200034 fdfbf7e0 0000ec66 0040cf5e 
144   0x50a0  003b0000 0001e000 01e20001 e000000b 98c00000 fdfbf7e0 0001d6d4 0040d1f4 
145   0x50c0  003b0000 0001e000 01e20001 e000000b 97600000 fdfbf7e0 0002c143 0040d489 
146   0x50e0  003b0000 0001e000 01e20001 e000000b 98600000 fdfbf7e0 0003abb0 0040d71f 
147   0x5100  003b0000 0001e000 01e20001 e2000008 6e80007e fdfbf7e0 0004961e 0040d9b4 
148   0x5120  003b0000 0001e000 01e20001 e200000b f220007e fdfbf7e0 00058099 0040dc4b 
149   0x5140  003b0000 0001e000 01e20001 e200000b f2c0007e fdfbf7e0 00066b06 0040dee0 
150   0x5160  003b0000 0001e000 01e20001 e000000b 98600000 fdfbf7e0 00075574 0040e176 
151   0x5180  003b0000 0001e000 01e20001 e000000d 98200000 fdfbf7e0 00083fe3 0040e40c 
152   0x51a0  003b0000 0001e000 01e20001 e200000b 97600000 fdfbf7e0 00092a51 0040e6a1 
153   0x51c0  003b0000 0001e000 01e20001 e000000b 98a00000 fdfbf7e0 000a14c0 0040e937 
154   0x51e0  003b0000 0001e000 01e40001 e0000009 97600000 fdfbf7e0 000aff2d 0040ebcc 
155   0x5200  003b0000 0001e000 01e40001 e000000d 98400000 fdfbf7e0 000be9a5 0040ee63 
156   0x5220  003b0000 0001e000 01e20001 e200000b e760007e fdfbf7e0 000cd414 0040f0f8 
157   0x5240  003b0000 0001e000 01e20001 e200000b 98600000 fdfbf7e0 000dbe81 0040f38e 
158   0x5260  003b0000 0001e000 01e40001 e000000b 97600000 fdfbf7e0 000ea8ef 0040f623 
159   0x5280  003b0000 0001e000 01e40001 e000000b 98800000 fdfbf7e0 000f935c 0040f8b9 
160   0x52a0  003b0000 0001e000 01e40001 e000000d 98600000 fdfbf7e0 00107dca 0040fb4f 
161   0x52c0  003b0000 0001e000 01e40001 e000000b 97600000 fdfbf7e0 00116843 0040fde5 
162   0x52e0  003b0000 0001e200 01e40001 e000000b 98800000 fdfbf7e0 001252b0 0041007b 
163   0x5300  003b0000 0001e200 01e40001 e000000b 97200000 fdfbf7e0 00133d1e 00410310 
164   0x5320  003b0000 0001e000 01e40001 e200000b 98600000 fdfbf7e0 0014278d 004105a6 
165   0x5340  006f0000 008d8000 1854002e 6600000a 5c00007e fdfbf7e0 0000ec49 00410d5c 
166   0x5360  003b0000 0001e000 01e00001 e200000b 1ba0007e fdfbf7e0 0001d6d4 00410ff4 
167   0x5380  006f0000 001f6a00 3e0e002e b000000a ff60007e fdfbf7e0 0000ec6e 0041136c 
168   0x53a0  006f0000 0101e200 21de0021 e2002008 aac00020 fdfbf7e0 0000ec56 004116ee 
169   0x53c0  003b0000 0001de00 21de0021 e200200e e500007e fdfbf7e0 0001d6e9 00411983 
170   0x53e0  003b0000 0001dc00 21de0021 e200200b 2f60007e fdfbf7e0 0002c44d 00411c0b 
171   0x5400  003b0000 0001de00 21de0021 e200200b 72e0007e fdfbf7e0 0003aecc 00411e9f 
172   0x5420  003b0000 0001de00 21e00021 e200200a e260007e fdfbf7e0 0004993d 00412135 
173   0x5440  003b0000 0001de00 21e00021 e200200c dba0007e fdfbf7e0 000583c2 004123cb 
174   0x5460  003b0000 0001de00 01e00021 e200200a b380007e fdfbf7e0 00066e31 00412661 
175   0x5480  003b0000 0001de00 01e00021 e200200a b080007e fdfbf7e0 000758ac 004128f6 
176   0x54a0  003b0000 0001de00 21e00021 e2002008 e7a0007e fdfbf7e0 00084326 00412b8c 
177   0x54c0  006f0000 0001e200 21e00021 e200200b 0c60007e fdfbf7e0 0000ec78 00412fde 
178   0x54e0  006f0000 0fcbf200 1eba002c fe000009 d3e0007e 00000000 0000ec66 0041330f 
179   0x5500  003b0000 0fc00000 01e40000 0000000b d640007e 00000000 0001d6d4 004135a5 
180   0x5520  003b0000 0fc00000 01e40000 0000000b d500007e 00000000 0002c143 0041383a 
181   0x5540  006f0000 0fcbf200 1eb80023 a800000b d3a0007e 00000000 0000ec66 00413fdf 
182   0x5560  003b0000 0fc00200 01e20000 0000000b d600007e 00000000 0001d6d4 00414275 
183   0x5580  003b0000 0fc00000 01e20000 0000000b d4e0007e 00000000 0002c143 0041450a 
184   0x55a0  003b0000 0fc00000 01e20000 0000000b d5c0007e 00000000 0003abb0 004147a0 
185   0x55c0  003b0000 0fc00000 01e20000 0000000b d540007e 00000000 0004961e 00414a35 
186   0x55e0  003b0000 0fc00000 01e20000 0000000b d5e0007e 00000000 0005808d 00414ccb 
187   0x5600  006f0000 0fcbf200 18860031 5a000008 4f00007e 00000000 0000ec6c 0041556e 
188   0x5620  003b0000 0001de00 01e00000 0000000b 5de0007e 00000000 0001d6db 00415804 
189   0x5640  003b0000 0001de00 21e00020 0000000a fec0007e 00000000 0002c156 00415a99 
190   0x5660  003b0000 0001de00 01e00000 0000000a 7720007e 00000000 0003abc4 00415d2f 
191   0x5680  003b0000 0001de00 01e00000 0000000b 9760007e 00000000 0004963b 00415fc5 
192   0x56a0  003b0000 0001de00 01e00000 0000000b 9820007e 00000000 000580a9 0041625b 
193   0x56c0  003b0000 0001de00 01e00000 0000000b 98a0007e 00000000 00066b18 004164f0 
194   0x56e0  003b0000 0001de00 01e00000 0000000d 9aa0007e 00000000 00075585 00416786 
195   0x5700  003b0000 0001de00 01e00000 0000000b 9960007e 00000000 00083ff3 00416a1c 
196   0x5720  003b0000 0001de00 01e00000 0000000d 9860007e 00000000 00092a62 00416cb1 
197   0x5740  003b0000 0001de00 01e00000 0000000b 9ce0007e 00000000 000a14d0 00416f47 
198   0x5760  003b0000 0001de00 01e00000 0000000d c1e0007e 00000000 000aff49 004171dd 
199   0x5780  003b0000 0001de00 01e00000 0000000d ac40007e 00000000 000be9b8 00417473 
200   0x57a0  003b0000 0001de00 01e00000 0000000b 9c00007e 00000000 000cd426 00417708 
201   0x57c0  003b0000 0001de00 01e00000 0000000b 98e0007e 00000000 000dbe95 0041799e 
202   0x57e0  003b0000 0001de00 01e00000 0000000b 9740007e 00000000 000ea902 00417c33 
203   0x5800  003b0000 0001de00 01e00000 0000000d 9860007e 00000000 000f9370 00417ec9 
204   0x5820  006f0000 0fcbf200 18520031 5a000009 d3c0007e 00000000 0000ec66 00418338 
205   0x5840  006f0000 0fcbf200 1eb80028 3600000b d540007e 00000000 0000ec74 0041863a 
206   0x5860  003c0000 0fc00000 01e20000 0000000b d7c0007e 00000000 0001d6e3 004188d0 
207   0x5880  003c0000 0fc00000 01e20000 00000009 d6c0007e 00000000 0002c151 00418b65 
208   0x58a0  006f0000 0fcbf200 18660029 6800000c 0000007e 01f807e0 0000ec74 00418e28 
209   0x58c0  003c0000 0fc00000 01fa0001 f400000c 0000007e 01f807e0 0001d6e3 004190be 
210   0x58e0  00400000 0fc1f600 01fa0001 f6000028 0000007e 99fa67e0 0002c15a 00419353 
211   0x5900  006f0000 0fc1f600 01fa0001 f600002a 0000007e fdfbf7e0 0000ec6e 00419769 
212   0x5920  00400000 0001f600 21fa0021 f6000020 0000007e fdfbf7e0 0001d6dd 004199ff 
213   0x5940  006f0000 0fcbf200 18640024 ce00002c 0000007e fdfbf7e0 0000ec6c 00419ca3 
214   0x5960  00400000 0001f600 21f80021 f6002022 00000000 fdfbf7e0 0001d6db 00419f39 
215   0x5980  00400000 0001f600 21fa0021 f6002020 00000000 fdfbf7e0 0002c156 0041a1ce 
216   0x59a0  00400000 0001f600 21fa0021 f8002020 00000000 fdfbf7e0 0003abc4 0041a464 
217   0x59c0  00400000 0001f600 21fa0021 f6002020 00000000 fdfbf7e0 00049643 0041a6fa 
218   0x59e0  006f0000 0fc1f600 01f80001 f6000030 0000007e fdfbf7e0 0000ec74 0041abfe 
219   0x5a00  00400000 0001f600 21f80021 f600201e 00000000 fdfbf7e0 0001d6e5 0041ae94 
220   0x5a20  00400000 0001f600 21f80021 f6002020 00000000 fdfbf7e0 0002c15e 0041b129 
221   0x5a40  00400000 0001f600 21f80021 f6002024 00000000 fdfbf7e0 0003abcc 0041b3bf 
222   0x5a60  00400000 0001f600 21f80021 f600201e 00000000 fdfbf7e0 0004964b 0041b655 
223   0x5a80  00400000 0001f600 21f80021 f6002020 00000000 fdfbf7e0 000580ba 0041b8eb 
224   0x5aa0  00400000 0001f600 21f80021 f6002032 00000000 fdfbf7e0 00066b2b 0041bb80 
225   0x5ac0  00400000 0001f600 21f80021 f6002020 00000000 fdfbf7e0 000755b0 0041be16 
226   0x5ae0  00400000 0001f600 21f80021 f6002020 00000000 fdfbf7e0 00084028 0041c0ad 
227   0x5b00  00400000 0001f600 21f80021 f6002020 00000024 fdfbf7e0 00092a99 0041c342 
228   0x5b20  00400000 0001f600 21f80021 f6002020 00000000 fdfbf7e0 000a1514 0041c5d8 
229   0x5b40  00400000 0001f600 21f80021 f6002020 00000000 fdfbf7e0 000aff81 0041c86d 
230   0x5b60  00400000 0001f600 21f80021 f6002020 00000000 fdfbf7e0 000be9ef 0041cb03 
231   0x5b80  00400000 0001f600 21f80021 f600201e 00000000 fdfbf7e0 000cd46e 0041cd99 
232   0x5ba0  00400000 0001f600 21f80021 f6002020 00000000 fdfbf7e0 000dbee9 0041d02f 
233   0x5bc0  00400000 0001f600 21f80021 f6002020 00000000 fdfbf7e0 000ea95a 0041d2c5 
234   0x5be0  00400000 0001f600 21f80021 f600201e 00000024 fdfbf7e0 000f93ca 0041d55a 
235   0x5c00  00400000 0001f600 01f80001 f6000020 0000007e fdfbf7e0 00107e45 0041d7f0 
236   0x5c20  00400000 0001f600 21f80021 f6002020 00000000 fdfbf7e0 001168be 0041da86 
237   0x5c40  00400000 0001f600 21f60021 f600201e 00000000 fdfbf7e0 00125339 0041dd1c 
238   0x5c60  00400000 0001f600 21f80021 f6002020 00000000 fdfbf7e0 00133da7 0041dfb1 
239   0x5c80  00400000 0001f600 21f80021 f6002020 00000000 fdfbf7e0 0014281c 0041e247 
240   0x5ca0  00400000 0001f600 21f60021 f6002020 00000000 fdfbf7e0 00151291 0041e4dc 
241   0x5cc0  00400000 0001f600 21f60021 f600201e 00000000 fdfbf7e0 0015fd08 0041e773 
242   0x5ce0  00400000 0001f600 21f80021 f60022db 36600000 fdfbf7e0 0016e778 0041ea09 
243   0x5d00  00400000 0001e800 21f80021 ea0022d0 00000000 fdfbf7e0 0017d1eb 0041ec9e 
244   0x5d20  00400000 0001e800 21f80021 ea00242b 3ec00000 fdfbf7e0 0018bc5a 0041ef34 
245   0x5d40  00400000 0001f600 21f80021 f60023e4 00000024 fdfbf7e0 0019a6c8 0041f1c9 
246   0x5d60  00400000 0001f600 21f60021 f600201e 00000000 fdfbf7e0 001a9135 0041f45f 
247   0x5d80  00400000 0001f600 21f60021 f6002022 00000000 fdfbf7e0 001b7bb2 0041f6f5 
248   0x5da0  00400000 0001f600 21f60021 f60022fa 00000000 fdfbf7e0 001c662b 0041f98b 
249   0x5dc0  00400000 0001e800 21f60021 e8002318 00000000 fdfbf7e0 001d509b 0041fc21 

Second Rollup
rec#  Offset  32............................Byte....................................0
000   0x1f60  00400000 0001e61e 41f61f41 e61e4266 21200000 02040810 001d0766 0041fb52 
001   0x1f80  00400000 0001e61e 21f61f41 e61e4244 21000000 02040810 001d0bb0 0041fb5e 
002   0x1fa0  00400000 0001e61e 41f61f41 e61e424e 1fa00000 02040810 001d1004 0041fb6a 
003   0x1fc0  00400000 0001e41e 21f61f41 e41e2266 23600000 02040810 001d1453 0041fb76 
004   0x1fe0  00400000 0001e41e 21f61f41 e61e2282 23800000 02040810 001d1895 0041fb82 
005   0x2000  00400000 0001e61e 41f61f41 e81e425a 21e00000 02040810 001d1ce1 0041fb8e 
006   0x2020  00400000 0001e41e 21f61f41 e61e42b4 23e00000 02040810 001d212d 0041fb9a 
007   0x2040  00400000 0001e61e 21f61f41 e61e2270 24000000 02040810 001d2583 0041fba6 
008   0x2060  00400000 0001e81e 41f61f41 e81e424e 21600000 02040810 001d29ca 0041fbb3 
009   0x2080  00400000 0001e81e 41f61f41 e81e4258 1ec00000 02040810 001d2e12 0041fbbf 
010   0x20a0  00400000 0001e61e 21f61f41 e81e4236 20200000 02040810 001d325e 0041fbcb 
011   0x20c0  00400000 0001e61e 41f61f41 e81e42b6 22e00000 02040810 001d36a9 0041fbd7 
012   0x20e0  00400000 0001e61e 21f61f41 e41e22bc 24c00000 02040810 001d3af9 0041fbe3 
013   0x2100  00400000 0001e61e 41f61f41 e61e426e 22e00000 02040810 001d3f45 0041fbef 
014   0x2120  00400000 0001e61e 41f61f41 e61e4278 23a00000 02040810 001d4395 0041fbfb 
015   0x2140  00400000 0001e41e 21f61f41 e81e4272 22a00000 02040810 001d47e1 0041fc07 
016   0x2160  00400000 0001e61e 41f61f41 e61e42a0 21e00000 02040810 001d4c33 0041fc13 
017   0x2180  00400000 0001e61e 21f61f41 e61e4286 22200000 02040810 001d5081 0041fc20 
018   0x21a0  00400000 0001e61e 21f61f41 e61e425c 21800000 02040810 001d54cc 0041fc2d 
019   0x21c0  00400000 0001e61e 41f61f41 e61e424a 20800000 02040810 001d5912 0041fc39 
020   0x21e0  00400000 0001e61e 41f61f41 e61e4254 21a00000 02040810 001d5d56 0041fc45 
021   0x2200  00400000 0001e61e 41f61f41 e61e4248 22a00000 02040810 001d61ae 0041fc51 
022   0x2220  00400000 0001e61e 41f61f41 e61e4258 23200000 02040810 001d65f3 0041fc5d 
023   0x2240  00400000 0001e41e 21f61f41 e61e228e 24200000 02040810 001d6a41 0041fc69 
024   0x2260  00400000 0001e41e 21f61f41 e41e4262 21a00000 02040810 001d6e93 0041fc75 
025   0x2280  00400000 0001e41e 21f61f41 e61e4264 21200000 02040810 001d72d4 0041fc81 
026   0x22a0  00400000 0001e81e 41f61f41 e81e42a4 21200000 02040810 001d7720 0041fc8e 
027   0x22c0  00400000 0001e61e 21f61f41 e61e22a6 23800000 02040810 001d7b6c 0041fc9a 
028   0x22e0  00400000 0001e41e 21f61f41 e41e226c 22600000 02040810 001d7fc2 0041fca6 
029   0x2300  00400000 0001e61e 21f61f41 e61e4282 22a00000 02040810 001d840a 0041fcb2 
030   0x2320  00400000 0001e41e 21f61f41 e41e2296 23400000 02040810 001d884f 0041fcbe 
031   0x2340  00400000 0001e61e 41f61f41 e61e4276 23a00000 02040810 001d8ca5 0041fcca 
032   0x2360  00400000 0001e61e 41f61f41 e61e42ac 1fa00000 02040810 001d90f3 0041fcd6 
033   0x2380  00400000 0001e61e 41f81f41 e61e4288 20c00000 02040810 001d953b 0041fce2 
034   0x23a0  00400000 0001e61e 41f61f41 e61e4266 21a00000 02040810 001d9989 0041fcee 
035   0x23c0  00400000 0001e61e 41f61f41 e61e425c 20c00000 02040810 001d9dd0 0041fcfb 
036   0x23e0  00400000 0001e41e 21f61f41 e41e22b0 21c00000 02040810 001da222 0041fd07 
037   0x2400  00400000 0001e01c 81f41ce1 f01601ce 02c00001 000c0030 001da664 0041fd13 
038   0x2420  00400000 0001ca1b e1d21c21 f41f01ca 02e00005 08042010 001daaae 0041fd1f 
039   0x2440  00400000 0001d01b e1d61c01 f81f028c 03e00005 08042010 001daefb 0041fd2b 
040   0x2460  00400000 0001c81b e1cc1c21 f41ee3ee 05e00001 00040010 001db347 0041fd37 
041   0x2480  00400000 0001ca1b e1d01c01 f61f018a 03a00005 08042010 001db793 0041fd43 
042   0x24a0  00400000 0001ca1b e1ca1c01 f21ee2ba 04000005 08042010 001dbbe1 0041fd4f 
043   0x24c0  00400000 0001c81b e1cc1c01 f21f02a0 04a00005 08042010 001dc02b 0041fd5b 
044   0x24e0  00400000 0001cc1b e1ce1c01 f61f01a8 03000005 08042010 001dc478 0041fd68 
045   0x2500  00400000 0001ca1b e1ca1c01 f41f0290 03e00001 00040010 001dc8c4 0041fd74 
046   0x2520  00400000 0001ca1b e1ca1be1 f41f028c 04000005 08042010 001dcd10 0041fd80 
047   0x2540  00400000 0001ca1b c1c81be1 f41f0008 00200005 08042010 001dd15a 0041fd8c 
048   0x2560  00400000 0001ca1b c1ca1be1 f41f02ac 04000006 0e043810 001dd5ac 0041fd98 
049   0x2580  00400000 0001c81b a1c81bc1 f81ee21a 06c00005 08042010 001dd9f3 0041fda4 
050   0x25a0  00400000 0001c61b 21c61b41 f61ee312 04c00005 08042010 001dde3f 0041fdb0 
051   0x25c0  00400000 004bf032 69241a82 d021800a 00400001 00040010 00000641 0041fdc6 
052   0x25e0  00400000 0001f01e 40000001 f41f00c8 08a00002 06041810 00000a8d 0041fdd2 
053   0x2600  00400000 0001f21e e0000001 f21f00a6 09600000 02040810 00000ed7 0041fdde 
054   0x2620  00400000 0001f21f 00000001 f21f0096 08600000 02040810 0000132b 0041fdea 
055   0x2640  00400000 0001f21f 20020001 f41f207e 07200000 02040810 0000177a 0041fdf6 
056   0x2660  00400000 0001f21f 00000001 f41f206c 06800000 02040810 00001bbc 0041fe02 
057   0x2680  00400000 0001f41f 20000001 f41f2066 06000000 02040810 00002008 0041fe0e 
058   0x26a0  00400000 0001f21f 20000001 f41f2062 05a00000 02040810 00002453 0041fe1a 
059   0x26c0  00400000 0001f41f 20000001 f41f205a 05400000 02040810 000028a7 0041fe26 
060   0x26e0  00400000 0001f21f 20000001 f41f2058 05200000 02040810 00002ceb 0041fe33 
061   0x2700  00400000 0001f41f 20000001 f41f2056 05000000 02040810 00003137 0041fe3f 
062   0x2720  00400000 0001f41f 20000001 f41f2052 04c00000 02040810 00003583 0041fe4b 
063   0x2740  00400000 0001f41f 20000001 f41f204e 04a00000 02040810 000039d0 0041fe57 
064   0x2760  00400000 0001f41f 20000001 f41f204c 04800000 02040810 00003e28 0041fe63 
065   0x2780  00400000 0001f41f 20000001 f41f204a 04200000 02040810 00004268 0041fe6f 
066   0x27a0  00400000 0001f41f 20000001 f41f204c 04600000 02040810 000046b4 0041fe7b 
067   0x27c0  00400000 0001f41f 20000001 f41f2046 04200000 02040810 00004b02 0041fe87 
068   0x27e0  00400000 0001f41f 20000001 f41f2044 03e00000 02040810 00004f53 0041fe93 
069   0x2800  00400000 0001f41f 20000001 f41f2040 03c00000 02040810 0000539d 0041fea0 
070   0x2820  00400000 0001f41f 20000001 f41f2042 03c00000 02040810 000057e3 0041feac 
071   0x2840  00400000 0001f41f 20000001 f41f2042 03c00000 02040810 00005c2f 0041feb8 
072   0x2860  00400000 0001f41f 20000001 f41f203e 03800000 02040810 0000607c 0041fec4 
073   0x2880  00400000 0001f41f 20000001 f41f203e 03800000 02040810 000064c8 0041fed0 
074   0x28a0  00400000 0001f41f 20000001 f41f203c 03600000 02040810 00006914 0041fedc 
075   0x28c0  00400000 0001f41e 00020001 f41e003c 02400000 02040810 00006d60 0041fee8 
076   0x28e0  00400000 0001e41d 20000001 a217801a 00200003 04081020 000071ac 0041fef4 
077   0x2900  00400000 0001e41e 20000001 58140008 2e600001 00000000 000075f7 0041ff00 
078   0x2920  003c0000 003f605b 5d3bb92d 6026e004 00000001 00000000 00000645 0041ff1c 
079   0x2940  003c0000 00200000 00000000 00000004 2e600001 00000000 00000a91 0041ff28 
080   0x2960  003c0000 00200000 00000000 00000004 00000001 00000000 00000edf 0041ff34 
081   0x2980  003b0000 00200000 00000000 00000004 2e400001 00000000 0000132b 0041ff40 
082   0x29a0  003b0000 003f605b 5d3fb96c cc252006 00000001 00000000 00000643 0041ff51 
083   0x29c0  003c0000 00200000 00000000 00000002 2e800001 00000000 00000a8f 0041ff5d 
084   0x29e0  003c0000 00200000 00000000 00000004 2e400001 00000000 00000edb 0041ff69 
085   0x2a00  003c0000 00200000 00000000 00000004 2e800001 00000000 00001328 0041ff75 
086   0x2a20  003b0000 00200000 00000000 00000002 2e600001 00000000 00001774 0041ff81 
087   0x2a40  003b0000 00200000 00000000 00000004 00000001 00000000 00001bc0 0041ff8d 
088   0x2a60  003b0000 00200000 00000000 00000004 2e600001 00000000 0000200c 0041ff99 
089   0x2a80  003c0000 00200000 00000000 00000004 2e400001 00000000 00002456 0041ffa5 
090   0x2aa0  003b0000 00200000 00000000 00000004 2e600001 00000000 000028a3 0041ffb1 
091   0x2ac0  003b0000 00200000 00000000 00000004 2e600001 00000000 00002cef 0041ffbe 
092   0x2ae0  003c0000 00200000 00000000 00000006 00000001 00000000 0000313b 0041ffca 
093   0x2b00  003c0000 00200000 00000000 00000006 2e800001 00000000 00003589 0041ffd6 
094   0x2b20  003b0000 00200000 00000000 00000006 2e800001 00000000 000039d4 0041ffe2 
095   0x2b40  003c0000 00200000 00000000 00000004 00000001 00000000 00003e20 0041ffee 
096   0x2b60  003c0000 00200000 00000000 00000006 2e600001 00000000 0000426c 0041fffa 
097   0x2b80  003b0000 00200000 00000000 00000004 2e200001 00000000 000046b8 00420006 
098   0x2ba0  003b0000 00200000 00000000 00000006 00200001 00000000 00004b02 00420012 
099   0x2bc0  003b0000 00200000 00000000 00000006 00000001 00000000 00004f4f 0042001e 
100   0x2be0  003b0000 00200000 00000000 00000004 00000001 00000000 0000539b 0042002b 
101   0x2c00  003b0000 00200000 00000000 00000006 2e600001 00000000 000057e7 00420037 
102   0x2c20  003b0000 00200000 00000000 00000006 00000001 00000000 00005c35 00420043 
103   0x2c40  003b0000 00200000 00000000 00000006 2e800001 00000000 00006081 0042004f 
104   0x2c60  003b0000 00200000 00000000 00000002 2e600001 00000000 000064cc 0042005b 
105   0x2c80  003c0000 00200000 00000000 00000004 2e600001 00000000 00006918 00420067 
106   0x2ca0  003b0000 00200000 00000000 00000006 2e600001 00000000 00006d64 00420073 
107   0x2cc0  003b0000 00200000 00000000 00000006 00000001 00000000 000071ae 0042007f 
108   0x2ce0  00400000 00200000 00000000 00000004 2e600001 00000000 000075fb 0042008b 
109   0x2d00  003b0000 00200000 00000000 00000004 2e800001 00000000 00007a47 00420098 
110   0x2d20  003c0000 00200000 00000000 00000004 2e600001 00000000 00007e93 004200a4 
111   0x2d40  003c0000 00200000 00000000 00000002 2e600001 00000000 000082e1 004200b0 
112   0x2d60  003c0000 00200000 00000000 00000004 00000001 00000000 0000872b 004200bc 
113   0x2d80  003c0000 00200000 00000000 00000006 2e600001 00000000 00008b78 004200c8 
114   0x2da0  003c0000 00200000 00000000 00000006 2e600001 00000000 00008fc4 004200d4 
115   0x2dc0  003b0000 00200000 00000000 00000006 00000001 00000000 00009410 004200e0 
116   0x2de0  003b0000 00200000 00000000 00000004 00000001 00000000 0000985a 004200ec 
117   0x2e00  003c0000 00200000 00000000 00000004 2e200001 00000000 00009ca7 004200f8 
118   0x2e20  003b0000 00200000 00000000 00000004 2e800001 00000000 0000a0f3 00420105 
119   0x2e40  00400000 00200000 00000000 00000004 2e600001 00000000 0000a53f 00420111 
120   0x2e60  003b0000 00200000 00000000 00000002 2e600001 00000000 0000a98b 0042011d 
121   0x2e80  003b0000 00200000 00000000 00000004 2e800001 00000000 0000add7 00420129 
122   0x2ea0  003b0000 00200000 00000000 00000002 2e800001 00000000 0000b224 00420135 
123   0x2ec0  003c0000 00200000 00000000 00000004 2e800001 00000000 0000b670 00420141 
124   0x2ee0  003c0000 00200000 00000000 00000000 2e600001 00000000 0000babc 0042014d 
125   0x2f00  003b0000 00200000 00000000 00000004 2e600001 00000000 0000bf08 00420159 
126   0x2f20  ff3bffff f0200000 00000000 00000004 aa800001 00000000 0001311a 00420168 
127   0x2f40  ff3bffff f0200000 00000000 00000004 2e600001 00000000 00013539 00420175 
128   0x2f60  ff3cffff f0200000 00000000 00000004 2e800001 00000000 00013983 00420181 
129   0x2f80  ff40ffff f0200000 00000000 00000004 2e600001 00000000 00013dd0 0042018d 
130   0x2fa0  ff3bffff f0200000 00000000 00000004 2e800001 00000000 0001421c 00420199 
131   0x2fc0  ff3bffff f0200000 00000000 00000004 2e600001 00000000 00014668 004201a5 
132   0x2fe0  ff3cffff f0200000 00000000 00000006 00000001 00000000 00014ab6 004201b1 
133   0x3000  ff3cffff f0200000 00000000 00000006 2e600001 00000000 00014f00 004201bd 
134   0x3020  ff3cffff f0200000 00000000 00000004 00000001 00000000 0001534d 004201c9 
135   0x3040  ff3cffff f0200000 00000000 00000004 00000001 00000000 00015799 004201d5 
136   0x3060  ff3bffff f0200000 00000000 00000006 00000001 00000000 00015bf3 004201e2 
137   0x3080  ff3bffff f0200000 00000000 00000006 00000001 00000000 0001602f 004201ee 
138   0x30a0  ff3bffff f0200000 00000000 00000004 2e600001 00000000 0001647c 004201fa 
139   0x30c0  ff3cffff f0200000 00000000 00000006 2e800001 00000000 000168c8 00420206 
140   0x30e0  ff3bffff f0200000 00000000 00000004 2e600001 00000000 00016d14 00420212 
141   0x3100  ff3bffff f0200000 00000000 00000006 2e600001 00000000 00017160 0042021e 
142   0x3120  ff3cffff f0200000 00000000 00000006 2e600001 00000000 000175ac 0042022a 
143   0x3140  ff3cffff f0200000 00000000 00000006 2e600001 00000000 000179f9 00420236 
144   0x3160  ff3bffff f0200000 00000000 00000002 2e600001 00000000 00017e45 00420242 
145   0x3180  ff3bffff f0200000 00000000 00000006 00000001 00000000 00018291 0042024f 
146   0x31a0  ff3cffff f0200000 00000000 00000006 00200001 00000000 000186db 0042025b 
147   0x31c0  ff3bffff f0200000 00000000 00000004 2e400001 00000000 00018b28 00420267 
148   0x31e0  ff3bffff f0200000 00000000 00000004 2e800001 00000000 00018f74 00420273 
149   0x3200  ff3cffff f0200000 00000000 00000004 2e400001 00000000 000193c0 0042027f 
150   0x3220  00400000 0001f61f 41f61f41 f61f4018 01400000 02040810 001b59ba 0041f695 
151   0x3240  00400000 0001f61f 41f61f41 f61f401c 01600000 02040810 001b5e00 0041f6a1 
152   0x3260  00400000 0001f61f 41f61f41 f41f401c 01600000 02040810 001b624d 0041f6ad 
153   0x3280  00400000 0001f41f 41f61f41 f61f401c 01400000 02040810 001b669b 0041f6b9 
154   0x32a0  00400000 0001f41f 41f61f41 f61f401a 01400000 02040810 001b6ae7 0041f6c5 
155   0x32c0  00400000 0001f61f 41f61f41 f61f401a 01600000 02040810 001b6f39 0041f6d1 
156   0x32e0  00400000 0001f41f 21f61f41 f61f401a 01400000 02040810 001b737c 0041f6dd 
157   0x3300  00400000 0001f41f 21f61f41 f61f401c 01600000 02040810 001b77c8 0041f6e9 
158   0x3320  00400000 0001f61f 41f61f41 f61f401a 01400000 02040810 001b7c1a 0041f6f7 
159   0x3340  00400000 0001f61f 41f61f41 f61f401c 01600000 02040810 001b8068 0041f703 
160   0x3360  00400000 0001f61f 41f61f41 f61f4018 01400000 02040810 001b84b6 0041f70f 
161   0x3380  00400000 0001f61f 41f61f41 f61f401a 01400000 02040810 001b88f7 0041f71b 
162   0x33a0  00400000 0001f61f 41f61f41 f61f401a 01400000 02040810 001b8d47 0041f727 
163   0x33c0  00400000 0001f61f 41f61f41 f61f401c 01400000 02040810 001b9195 0041f733 
164   0x33e0  00400000 0001f41f 41f61f41 f61f401a 01600000 02040810 001b95e1 0041f73f 
165   0x3400  00400000 0001f61f 41f61f41 f61f401c 01600000 02040810 001b9a33 0041f74b 
166   0x3420  00400000 0001f61f 41f61f41 f61f401a 01400000 02040810 001b9e74 0041f757 
167   0x3440  00400000 0001f41f 21f61f41 f61f401e 01400000 02040810 001ba2c0 0041f764 
168   0x3460  00400000 0001f41f 21f61f41 f61f401c 01600000 02040810 001ba714 0041f770 
169   0x3480  00400000 0001f61f 41f61f41 f61f401e 01600000 02040810 001bab5e 0041f77c 
170   0x34a0  00400000 0001f61f 41f61f41 f41f201a 01400000 02040810 001bafa3 0041f788 
171   0x34c0  00400000 0001f61f 41f61f41 f41f401c 01600000 02040810 001bb3ef 0041f794 
172   0x34e0  00400000 0001f61f 41f61f41 f61f4018 01400000 02040810 001bb83b 0041f7a0 
173   0x3500  00400000 0001f61f 41f61f41 f61f4018 01600000 02040810 001bbc89 0041f7ac 
174   0x3520  00400000 0001f61f 41f61f41 f61f401a 01600000 02040810 001bc0d4 0041f7b8 
175   0x3540  00400000 0001f61f 41f61f41 f41f201a 01400000 02040810 001bc520 0041f7c4 
176   0x3560  00400000 0001f41f 41f61f41 f41f401a 01600000 02040810 001bc96c 0041f7d1 
177   0x3580  00400000 0001f61f 41f61f41 f61f401c 01600000 02040810 001bcdbc 0041f7dd 
178   0x35a0  00400000 0001f61f 41f61f41 f41f401c 01400000 02040810 001bd20a 0041f7e9 
179   0x35c0  00400000 0001f61f 41f61f41 f61f401c 01600000 02040810 001bd65a 0041f7f5 
180   0x35e0  00400000 0001f61f 41f61f41 f41f401a 01600000 02040810 001bda9d 0041f801 
181   0x3600  00400000 0001f41f 41f61f41 f61f401c 01600000 02040810 001bdee9 0041f80d 
182   0x3620  00400000 0001f61f 41f61f41 f41f401c 01400000 02040810 001be339 0041f819 
183   0x3640  00400000 0001f61f 41f61f41 f61f401a 01400000 02040810 001be78f 0041f825 
184   0x3660  00400000 0001f61f 21f61f41 f61f401c 01600000 02040810 001bebd4 0041f831 
185   0x3680  00400000 0001f61f 41f61f41 f61f401e 01600000 02040810 001bf01a 0041f83e 
186   0x36a0  00400000 0001f41f 41f61f41 f41f401a 01600000 02040810 001bf468 0041f84a 
187   0x36c0  00400000 0001f41f 41f61f41 f61f401a 01600000 02040810 001bf8b8 0041f856 
188   0x36e0  00400000 0001f61f 41f61f41 f61f401c 01600000 02040810 001bfd02 0041f862 
189   0x3700  00400000 0001f41f 41f61f41 f41f4016 01200000 02040810 001c0149 0041f86e 
190   0x3720  00400000 0001f61f 41f61f41 f61f401a 01600000 02040810 001c0595 0041f87a 
191   0x3740  00400000 0001f61f 41f61f41 f41f4018 01400000 02040810 001c09e3 0041f886 
192   0x3760  00400000 0001f61f 21f61f41 f61f401a 01600000 02040810 001c0e37 0041f892 
193   0x3780  00400000 0001f41f 21f61f41 f61f401a 01400000 02040810 001c1281 0041f89e 
194   0x37a0  00400000 0001f41f 41f61f41 f61f401c 01600000 02040810 001c16c6 0041f8ab 
195   0x37c0  00400000 0001f61f 41f61f41 f41f4018 01600000 02040810 001c1b12 0041f8b7 
196   0x37e0  00400000 0001f61f 41f61f41 f61f401a 01400000 02040810 001c1f60 0041f8c3 
197   0x3800  00400000 0001f61f 41f61f41 f61f4018 01400000 02040810 001c23b4 0041f8cf 
198   0x3820  00400000 0001f61f 41f61f41 f61f401c 01800000 02040810 001c27fb 0041f8db 
199   0x3840  00400000 0001f41f 41f61f41 f41f401c 01600000 02040810 001c2c43 0041f8e7 
200   0x3860  00400000 0001f41f 41f61f41 f61f2034 01e00000 02040810 001c308d 0041f8f3 
201   0x3880  00400000 0001f41f 21f61f41 f41f202e 02400000 02040810 001c34d9 0041f8ff 
202   0x38a0  00400000 0001f61f 41f61f41 f41f2028 02400000 02040810 001c392d 0041f90b 
203   0x38c0  00400000 0001f41f 21f61f41 f41f2026 02200000 02040810 001c3d78 0041f918 
204   0x38e0  00400000 0001f41f 21f61f41 f61f402e 02400000 02040810 001c41be 0041f924 
205   0x3900  00400000 0001f41f 21f61f41 f61f207e 04c00000 02040810 001c460a 0041f930 
206   0x3920  00400000 0001f21e c1f61f41 f21ec15e 0cc00000 02040810 001c4a56 0041f93c 
207   0x3940  00400000 0001ec1e 41f41f41 ee1e62fa 1ee00000 02040810 001c4ea7 0041f948 
208   0x3960  00400000 0001ee1e 81f61f41 ee1e81f0 17200000 02040810 001c52f3 0041f954 
209   0x3980  00400000 0001e61e 21f61f41 e61e22f0 23600000 02040810 001c5741 0041f960 
210   0x39a0  00400000 0001ea1e 61f61f41 ea1e6242 1b200000 02040810 001c5b91 0041f96c 
211   0x39c0  00400000 0001e41e 21f61f41 e61e4246 1fc00000 02040810 001c5fd9 0041f978 
212   0x39e0  00400000 0001e61e 21f61f41 e61e4270 21200000 02040810 001c6428 0041f985 
213   0x3a00  00400000 0001e61e 41f61f41 e81e4240 1ec00000 02040810 001c6870 0041f992 
214   0x3a20  00400000 0001e61e 41f61f41 e81e427c 1f600000 02040810 001c6cbc 0041f99e 
215   0x3a40  00400000 0001e61e 41f61f41 e61e423a 1dc00000 02040810 001c7100 0041f9aa 
216   0x3a60  00400000 0001e81e 61f61f41 e81e6248 1ea00000 02040810 001c7553 0041f9b6 
217   0x3a80  00400000 0001e41e 21f61f41 e41e22b4 21000000 02040810 001c799f 0041f9c2 
218   0x3aa0  00400000 0001e41e 21f61f41 e81e4254 20a00000 02040810 001c7deb 0041f9ce 
219   0x3ac0  00400000 0001e61e 21f61f41 e61e2282 23800000 02040810 001c8239 0041f9da 
220   0x3ae0  00400000 0001e61e 21f61f41 e61e428a 20a00000 02040810 001c867e 0041f9e6 
221   0x3b00  00400000 0001e41e 21f61f41 e61e429e 23400000 02040810 001c8aca 0041f9f3 
222   0x3b20  00400000 0001e61e 41f61f41 e61e4280 22600000 02040810 001c8f18 0041f9ff 
223   0x3b40  00400000 0001e41e 21f61f41 e41e2230 1fe00000 02040810 001c936e 0041fa0b 
224   0x3b60  00400000 0001e61e 21f61f41 e61e2318 24200000 02040810 001c97b4 0041fa17 
225   0x3b80  00400000 0001e61e 21f61f41 e61e2272 21e00000 02040810 001c9bf9 0041fa23 
226   0x3ba0  00400000 0001e61e 21f61f41 e61e4286 22400000 02040810 001ca047 0041fa2f 
227   0x3bc0  00400000 0001e41e 21f61f41 e61e2282 22a00000 02040810 001ca497 0041fa3b 
228   0x3be0  00400000 0001e61e 21f61f41 e81e227c 20e00000 02040810 001ca8eb 0041fa47 
229   0x3c00  00400000 0001e81e 21f61f41 e81e22fa 23400000 02040810 001cad2b 0041fa53 
230   0x3c20  00400000 0001e61e 41f61f41 e61e4270 21a00000 02040810 001cb176 0041fa5f 
231   0x3c40  00400000 0001e41e 21f61f41 e61e22c0 22e00000 02040810 001cb5c6 0041fa6c 
232   0x3c60  00400000 0001e81e 41f61f41 e81e4264 22800000 02040810 001cba18 0041fa78 
233   0x3c80  00400000 0001e41e 21f61f41 e61e2296 23400000 02040810 001cbe64 0041fa84 
234   0x3ca0  00400000 0001e61e 41f41f41 e81e429c 20800000 02040810 001cc2a5 0041fa90 
235   0x3cc0  00400000 0001e41e 21f61f41 e61e2256 20e00000 02040810 001cc6f1 0041fa9c 
236   0x3ce0  00400000 0001e61e 21f61f41 e61e2252 21e00000 02040810 001ccb3d 0041faa8 
237   0x3d00  00400000 0001e61e 21f61f41 e61e427e 22000000 02040810 001ccf97 0041fab4 
238   0x3d20  00400000 0001e61e 21f61f41 e61e42a6 24a00000 02040810 001cd3df 0041fac0 
239   0x3d40  00400000 0001e61e 41f61f41 e61e4292 20200000 02040810 001cd82b 0041facc 
240   0x3d60  00400000 0001e61e 21f61f41 e61e4278 22a00000 02040810 001cdc6e 0041fad9 
241   0x3d80  00400000 0001e61e 41f61f41 e61e426c 21800000 02040810 001ce0ba 0041fae5 
242   0x3da0  00400000 0001e61e 41f61f41 e61e4250 1f800000 02040810 001ce50c 0041faf1 
243   0x3dc0  00400000 0001e41e 21f61f41 e61e4264 23200000 02040810 001ce956 0041fafd 
244   0x3de0  00400000 0001e61e 41f61f41 e61e426e 20200000 02040810 001ced9d 0041fb09 
245   0x3e00  00400000 0001e61e 41f61f41 e61e4292 22000000 02040810 001cf1e9 0041fb15 
246   0x3e20  00400000 0001e61e 21f61f41 e81e42ba 24200000 02040810 001cf635 0041fb21 
247   0x3e40  00400000 0001e61e 21f61f41 e61e42c4 24000000 02040810 001cfa81 0041fb2d 
248   0x3e60  00400000 0001e61e 41f61f41 e61e429c 1f600000 02040810 001cfece 0041fb39 
249   0x3e80  00400000 0001e61e 41f61f41 e61e4252 21c00000 02040810 001d031c 0041fb46 

Flight Events
rec#  Offset  40....................................Byte..............................................0
000   0x5de0  6e697472 6174533e 7c190000 00000000 00000000 00000000 00000000 00000000 00000000 00000000 
001   0x5e08  00657669 74634106 80680000 00000000 00000000 00000000 00000000 00000000 00001c3a 00000001 
002   0x5e30  00657669 74634104 00680000 00000000 00000000 00000000 00000000 00000000 00002612 00000206 
003   0x5e58  6e697472 6174533e 7c190000 00000000 00000000 00000000 00000000 00000000 00000000 0000046d 
004   0x5e80  6e697472 6174533e 7c190000 00000000 00000000 00000000 00000000 00000000 00000000 0000046f 
005   0x5ea8  00657669 74634106 80680000 00000000 00000000 00000000 00000000 00000000 0000077e 00000471 
006   0x5ed0  00657669 74634103 c0680000 00000000 00000000 00000000 00000000 00000000 00003022 000004f1 
007   0x5ef8  00657669 74634106 80680000 00000000 00000000 00000000 00000000 00000000 000006a8 00000818 
008   0x5f20  00657669 74634103 a0680000 00000000 00a8a800 00000000 00000000 00000000 00011442 000008bc 
009   0x5f48  6e697472 6174533e 7c190000 00000000 00000000 00000000 00000000 00000000 00000000 000018ab 
010   0x5f70  00657669 74634103 b0680000 00000000 00000000 00000000 00000000 00000000 00003caa 000018ac 
011   0x5f98  00657669 74634106 80680000 00000000 00000000 00000000 00000000 00000000 0000079f 00001c3c 
012   0x5fc0  00657669 74634103 b0680000 00000000 00000000 00000000 00000000 00000000 00003351 00001cf3 
013   0x5fe8  00657669 74634106 80680000 00000000 00000000 00000000 00000000 00000000 00001518 0000201c 
014   0x6010  00657669 74634106 80680000 00000000 00000000 00000000 00000000 00000000 00000da2 00002178 
015   0x6038  6e697472 6174533e 7c190000 00000000 00000000 00000000 00000000 00000000 00000000 0000228c 
016   0x6060  00657669 74634103 b0680000 00000000 00000000 00000000 00000000 00000000 00002f77 0000229d 
017   0x6088  00657669 74634106 80680000 00000000 00000000 00000000 00000000 00000000 000006c5 00002602 
018   0x60b0  6e697472 6174533e 7c190000 00000000 00000000 00000000 00000000 00000000 00000000 0000267c 
019   0x60d8  6e697472 6174533e 7c190000 00000000 00000000 00000000 00000000 00000000 00000000 00002680 
020   0x6100  00657669 74634106 80680000 00000000 00000000 00000000 00000000 00000000 000006b0 000026e1 
021   0x6128  6e697472 6174533e 7c190000 00000000 00000000 00000000 00000000 00000000 00000000 00002752 
022   0x6150  00657669 74634106 80680000 000000d0 d00000d0 00000000 00000000 00000000 000022c0 000027ac 
023   0x6178  6e697472 6174533e 7c190000 00000000 00000000 00000000 00000000 00000000 00000000 00002a04 
024   0x61a0  00657669 74634100 b0680000 00000000 00000000 00000000 00000000 00000000 039cee10 00002a57 
025   0x61c8  00657669 74634100 b0680000 00000000 00000000 00000000 00000000 00000000 003340d4 003c1706 
026   0x61f0  6e697472 6174533e 7c190000 00000000 00000000 00000000 00000000 00000000 00000000 003f5471 
027   0x6218  6e697472 6174533e 7c190000 00000000 00000000 00000000 00000000 00000000 00000000 003f5493 
028   0x6240  6e697472 6174533e 7c190000 00000000 00000000 00000000 00000000 00000000 00000000 003f54ed 
029   0x6268  6e697472 6174533e 7c190000 00000000 00000000 00000000 00000000 00000000 00000000 003f5515 
030   0x6290  6e697472 6174533e 7c190000 00000000 00000000 00000000 00000000 00000000 00000000 003f5566 
031   0x62b8  00657669 74634103 b06f0000 00000000 00000000 00000000 00000000 00000000 0000874d 003f55a5 
032   0x62e0  00657669 74634104 006f0000 00000000 00000000 00000000 00000000 00000000 0000509a 003f5dc5 
033   0x6308  00657669 74634103 c06f0000 00000000 00000000 00000000 00000000 00000000 0000348b 003f629a 
034   0x6330  00657669 74634103 c06f0000 00000000 00000000 00000000 00000000 00000000 0000398e 003f65be 
035   0x6358  00657669 74634106 f06f0000 000000de de0000de 00000000 00000000 00000000 00001a95 003f6988 
036   0x6380  00657669 74634103 b06f0000 000000de de0000de 00000000 00000000 00000000 00007bba 003f6b7c 
037   0x63a8  00657669 74634103 b06f0000 000000dd dd0000dd 00000000 00000000 00000000 000073df 003f72aa 
038   0x63d0  00657669 74634103 b06f0000 000000de de0000de 00000000 00000000 00000000 00004532 003f792a 
039   0x63f8  00657669 74634106 f06f0000 000000e4 e40000e4 00000000 00000000 00000000 0000078c 003f7d63 
040   0x6420  00657669 74634106 f06f0000 00000000 00000000 00000000 00000000 00000000 00002d7a 003f7e1f 
041   0x6448  00657669 74634103 b06f0000 dd0000bd bdbababd 00000000 00000000 00000000 00013ac9 003f80dd 
042   0x6470  00657669 74634106 f06f0000 de000076 76000076 00000000 00000000 00000000 00001749 003f92e8 
043   0x6498  00657669 74634103 c06f0000 00000094 945a5a94 00000000 00000000 00000000 000294f5 003f9435 
044   0x64c0  00657669 74634103 c06f0000 000000de d36363d3 00000000 00000000 00000000 00013f29 003fb9da 
045   0x64e8  00657669 74634103 c06f0000 c20000ba badedeba 00000000 00000000 00000000 00003d62 003fcc56 
046   0x6510  00657669 74634103 b06f0000 00000079 79000079 00000000 00000000 00000000 000045d2 003fcfda 
047   0x6538  00657669 74634103 906f0000 e00000a7 a70000a7 00000000 00000000 00000000 0003a3e3 003fd3ef 
048   0x6560  00657669 74634103 a06f0000 00000000 00000000 00000000 00000000 00000000 000058d8 00400734 
049   0x6588  6e697472 6174533e 7c190000 00000000 00000000 00000000 00000000 00000000 00000000 00400d8d 
050   0x65b0  00657669 74634106 f06f0000 00000000 00000000 00000000 00000000 00000000 0000138e 00400d8e 
051   0x65d8  00657669 74634103 906f0000 00000000 00000000 00000000 00000000 00000000 00017445 00400f1f 
052   0x6600  00657669 74634106 f06f0000 00000000 00000000 00000000 00000000 00000000 000026d0 004027f7 
053   0x6628  00657669 74634103 906f0000 00000000 00000000 00000000 00000000 00000000 000197b3 00402ac4 
054   0x6650  6e697472 6174533e 7c190000 00000000 00000000 00000000 00000000 00000000 00000000 0040459d 
055   0x6678  6e697472 6174533e 7c190000 00000000 00000000 00000000 00000000 00000000 00000000 004045d2 
056   0x66a0  6e697472 6174533e 7c190000 00000000 00000000 00000000 00000000 00000000 00000000 004045e0 
057   0x66c8  00657669 74634106 f06f0000 000000b3 b30000b3 00000000 00000000 00000000 000006aa 00404608 
058   0x66f0  00657669 74634103 906f0000 00000000 006a6a00 00000000 00000000 00000000 00014393 00404693 
059   0x6718  00657669 74634103 a06f0000 00000000 00000000 00000000 00000000 00000000 0000baf4 00405c7b 
060   0x6740  6e697472 6174533e 7c190000 00000000 00000000 00000000 00000000 00000000 00000000 00406924 
061   0x6768  6e697472 6174533e 7c190000 00000000 00000000 00000000 00000000 00000000 00000000 00406957 
062   0x6790  6e697472 6174533e 7c190000 00000000 00000000 00000000 00000000 00000000 00000000 00406977 
063   0x67b8  00657669 74634103 906f0000 00000000 00828200 00000000 00000000 00000000 0001cc8d 004069b4 
064   0x67e0  00657669 74634103 b06f0000 000000b9 b90000b9 00000000 00000000 00000000 0000565f 0040886a 
065   0x6808  00657669 74634103 906f0000 00000000 00000000 00000000 00000000 00000000 0000547e 00408e20 
066   0x6830  00657669 74634103 b06f0000 db0000f2 f20000f2 00000000 00000000 00000000 00007181 0040941a 
067   0x6858  00657669 74634106 f06f0000 dc000075 75dede75 00000000 00000000 00000000 00002d93 00409ac9 
068   0x6880  00657669 74634106 f06f0000 00000096 96e4e496 00000000 00000000 00000000 0000078b 00409d6f 
069   0x68a8  00657669 74634103 b06f0000 dc00004a 4a02024a 00000000 00000000 00000000 000062c0 00409e1f 
070   0x68d0  00657669 74634106 f06f0000 de000092 92b4b492 00000000 00000000 00000000 000006df 0040a44a 
071   0x68f8  00657669 74634106 f06f0000 7a000083 83000083 00000000 00000000 00000000 00000e14 0040a4fa 
072   0x6920  00657669 74634103 b06f0000 9b0000e1 d77c7cd7 00000000 00000000 00000000 0001a1c6 0040a699 
073   0x6948  00657669 74634103 906f0000 85000081 81000081 00000000 00000000 00000000 0004241d 0040ccc9 
074   0x6970  00657669 74634106 f06f0000 00000000 00d8d800 00000000 00000000 00000000 000007a0 004107da 
075   0x6998  00657669 74634106 f06f0000 000000bc bc0000bc 00000000 00000000 00000000 00001d2b 00410864 
076   0x69c0  00657669 74634103 b06f0000 900000e8 4f31314f 00000000 00000000 00000000 0000551b 00410ac9 
077   0x69e8  00657669 74634106 f06f0000 000000a7 a73535a7 00000000 00000000 00000000 00001bff 004110d7 
078   0x6a10  00657669 74634106 f06f0000 7b000014 14000014 00000000 00000000 00000000 0000047a 0041138c 
079   0x6a38  6e697472 6174533e 7c190000 00000000 00000000 00000000 00000000 00000000 00000000 0041144c 
080   0x6a60  00657669 74634103 906f0000 84000089 d30000d3 00000000 00000000 00000000 0000f82e 00411481 
081   0x6a88  00657669 74634106 f06f0000 81000000 00000000 00000000 00000000 00000000 00000420 00412c88 
082   0x6ab0  6e697472 6174533e 7c190000 00000000 00000000 00000000 00000000 00000000 00000000 00412d09 
083   0x6ad8  00657669 74634106 f06f0000 0000000e 0e7c7c0e 00000000 00000000 00000000 00001c9d 00412d49 
084   0x6b00  00657669 74634106 f06f0000 00000000 00000000 00000000 00000000 00000000 000007a1 00412fed 
085   0x6b28  00657669 74634103 a06f0000 00000000 00000000 00000000 00000000 00000000 0000a850 0041307a 
086   0x6b50  00657669 74634106 f06f0000 00000000 00000000 00000000 00000000 00000000 0000261d 00413a02 
087   0x6b78  00657669 74634106 f06f0000 00000000 00000000 00000000 00000000 00000000 00000f3a 00413c63 
088   0x6ba0  6e697472 6174533e 7c190000 00000000 00000000 00000000 00000000 00000000 00000000 00413d48 
089   0x6bc8  00657669 74634103 906f0000 00000000 00000000 00000000 00000000 00000000 00011413 00413d4a 
090   0x6bf0  00657669 74634106 f06f0000 00000000 00000000 00000000 00000000 00000000 00002590 00414d08 
091   0x6c18  00657669 74634106 f06f0000 00000000 00000000 00000000 00000000 00000000 00002628 00414f7f 
092   0x6c40  00657669 74634106 f06f0000 00000000 00000000 00000000 00000000 00000000 00000f42 004151b1 
093   0x6c68  00657669 74634103 906f0000 7b000000 00000000 00000000 00000000 00000000 0003014b 004152d9 
094   0x6c90  00657669 74634106 f06f0000 00000000 00000000 00000000 00000000 00000000 00002dba 004180a3 
095   0x6cb8  00657669 74634103 b06f0000 00000000 00000000 00000000 00000000 00000000 0000898c 004183a5 
096   0x6ce0  00657669 74634103 c06f0000 9a0000cc ccbcbccc 00000000 00000000 00000000 00009a57 00418b93 
097   0x6d08  00657669 74634104 006f0000 c800009a 9ad9d99a 00000000 00000000 00000000 0000427d 004194d4 
098   0x6d30  00657669 74634104 006f0000 dd000028 288c8c28 00000000 00000000 00000000 0000aca6 00419a0e 
099   0x6d58  00657669 74634104 006f0000 de00005c 5c68685c 00000000 00000000 00000000 00039bb6 0041a969 
100   0x6d80  00657669 74634106 f06f0000 d6000072 72dede72 00000000 00000000 00000000 00000ff0 0041fdba 
101   0x6da8  6e697472 6174533e 7c190000 00000000 00000000 00000000 00000000 00000000 00000000 0041ff04 
102   0x6dd0  6e697472 6174533e 7c190000 00000000 00000000 00000000 00000000 00000000 00000000 0041ff0d 
103   0x6df8  6e697472 6174533e 7c190000 00000000 00000000 00000000 00000000 00000000 00000000 0041ff10 
104   0x6e20  00657669 74634103 b06f0000 00000000 00000000 00000000 00000000 00000000 00003411 0041ff45 
105   0x6e48  ffffffff ffffffff ffffffff ffffffff ffffffff ffffffff ffffffff ffffffff ffffffff ffffffff 
106   0x6e70  ffffffff ffffffff ffffffff ffffffff ffffffff ffffffff ffffffff ffffffff ffffffff ffffffff 
107   0x6e98  ffffffff ffffffff ffffffff ffffffff ffffffff ffffffff ffffffff ffffffff ffffffff ffffffff 
108   0x6ec0  ffffffff ffffffff ffffffff ffffffff ffffffff ffffffff ffffffff ffffffff ffffffff ffffffff 
109   0x6ee8  ffffffff ffffffff ffffffff ffffffff ffffffff ffffffff ffffffff ffffffff ffffffff ffffffff 
110   0x6f10  ffffffff ffffffff ffffffff ffffffff ffffffff ffffffff ffffffff ffffffff ffffffff ffffffff 
111   0x6f38  ffffffff ffffffff ffffffff ffffffff ffffffff ffffffff ffffffff ffffffff ffffffff ffffffff 
112   0x6f60  ffffffff ffffffff ffffffff ffffffff ffffffff ffffffff ffffffff ffffffff ffffffff ffffffff 
113   0x6f88  ffffffff ffffffff ffffffff ffffffff ffffffff ffffffff ffffffff ffffffff ffffffff ffffffff 
114   0x6fb0  ffffffff ffffffff ffffffff ffffffff ffffffff ffffffff ffffffff ffffffff ffffffff ffffffff 
115   0x6fd8  ffffffff ffffffff ffffffff ffffffff ffffffff ffffffff ffffffff ffffffff ffffffff ffffffff 
116   0x7000  ffffffff ffffffff ffffffff ffffffff ffffffff ffffffff ffffffff ffffffff ffffffff ffffffff 
117   0x7028  ffffffff ffffffff ffffffff ffffffff ffffffff ffffffff ffffffff ffffffff ffffffff ffffffff 
118   0x7050  ffffffff ffffffff ffffffff ffffffff ffffffff ffffffff ffffffff ffffffff ffffffff ffffffff 
119   0x7078  ffffffff ffffffff ffffffff ffffffff ffffffff ffffffff ffffffff ffffffff ffffffff ffffffff 
120   0x70a0  ffffffff ffffffff ffffffff ffffffff ffffffff ffffffff ffffffff ffffffff ffffffff ffffffff 
121   0x70c8  ffffffff ffffffff ffffffff ffffffff ffffffff ffffffff ffffffff ffffffff ffffffff ffffffff 
122   0x70f0  ffffffff ffffffff ffffffff ffffffff ffffffff ffffffff ffffffff ffffffff ffffffff ffffffff 
123   0x7118  ffffffff ffffffff ffffffff ffffffff ffffffff ffffffff ffffffff ffffffff ffffffff ffffffff 
124   0x7140  ffffffff ffffffff ffffffff ffffffff ffffffff ffffffff ffffffff ffffffff ffffffff ffffffff 
125   0x7168  ffffffff ffffffff ffffffff ffffffff ffffffff ffffffff ffffffff ffffffff ffffffff ffffffff 
126   0x7190  ffffffff ffffffff ffffffff ffffffff ffffffff ffffffff ffffffff ffffffff ffffffff ffffffff 
127   0x71b8  ffffffff ffffffff ffffffff ffffffff ffffffff ffffffff ffffffff ffffffff ffffffff ffffffff 
128   0x71e0  ffffffff ffffffff ffffffff ffffffff ffffffff ffffffff ffffffff ffffffff ffffffff ffffffff 
129   0x7208  ffffffff ffffffff ffffffff ffffffff ffffffff ffffffff ffffffff ffffffff ffffffff ffffffff 
130   0x7230  ffffffff ffffffff ffffffff ffffffff ffffffff ffffffff ffffffff ffffffff ffffffff ffffffff 
131   0x7258  ffffffff ffffffff ffffffff ffffffff ffffffff ffffffff ffffffff ffffffff ffffffff ffffffff 
132   0x7280  ffffffff ffffffff ffffffff ffffffff ffffffff ffffffff ffffffff ffffffff ffffffff ffffffff 
133   0x72a8  ffffffff ffffffff ffffffff ffffffff ffffffff ffffffff ffffffff ffffffff ffffffff ffffffff 
134   0x72d0  ffffffff ffffffff ffffffff ffffffff ffffffff ffffffff ffffffff ffffffff ffffffff ffffffff 
135   0x72f8  ffffffff ffffffff ffffffff ffffffff ffffffff ffffffff ffffffff ffffffff ffffffff ffffffff 
136   0x7320  ffffffff ffffffff ffffffff ffffffff ffffffff ffffffff ffffffff ffffffff ffffffff ffffffff 
137   0x7348  ffffffff ffffffff ffffffff ffffffff ffffffff ffffffff ffffffff ffffffff ffffffff ffffffff 
138   0x7370  ffffffff ffffffff ffffffff ffffffff ffffffff ffffffff ffffffff ffffffff ffffffff ffffffff 
139   0x7398  ffffffff ffffffff ffffffff ffffffff ffffffff ffffffff ffffffff ffffffff ffffffff ffffffff 
140   0x73c0  ffffffff ffffffff ffffffff ffffffff ffffffff ffffffff ffffffff ffffffff ffffffff ffffffff 
141   0x73e8  ffffffff ffffffff ffffffff ffffffff ffffffff ffffffff ffffffff ffffffff ffffffff ffffffff 
142   0x7410  ffffffff ffffffff ffffffff ffffffff ffffffff ffffffff ffffffff ffffffff ffffffff ffffffff 
143   0x7438  ffffffff ffffffff ffffffff ffffffff ffffffff ffffffff ffffffff ffffffff ffffffff ffffffff 
144   0x7460  ffffffff ffffffff ffffffff ffffffff ffffffff ffffffff ffffffff ffffffff ffffffff ffffffff 
145   0x7488  ffffffff ffffffff ffffffff ffffffff ffffffff ffffffff ffffffff ffffffff ffffffff ffffffff 
146   0x74b0  ffffffff ffffffff ffffffff ffffffff ffffffff ffffffff ffffffff ffffffff ffffffff ffffffff 
147   0x74d8  ffffffff ffffffff ffffffff ffffffff ffffffff ffffffff ffffffff ffffffff ffffffff ffffffff 
148   0x7500  ffffffff ffffffff ffffffff ffffffff ffffffff ffffffff ffffffff ffffffff ffffffff ffffffff 
149   0x7528  ffffffff ffffffff ffffffff ffffffff ffffffff ffffffff ffffffff ffffffff ffffffff ffffffff 
150   0x7550  ffffffff ffffffff ffffffff ffffffff ffffffff ffffffff ffffffff ffffffff ffffffff ffffffff 
151   0x7578  ffffffff ffffffff ffffffff ffffffff ffffffff ffffffff ffffffff ffffffff ffffffff ffffffff 
152   0x75a0  ffffffff ffffffff ffffffff ffffffff ffffffff ffffffff ffffffff ffffffff ffffffff ffffffff 
153   0x75c8  ffffffff ffffffff ffffffff ffffffff ffffffff ffffffff ffffffff ffffffff ffffffff ffffffff 
154   0x75f0  ffffffff ffffffff ffffffff ffffffff ffffffff ffffffff ffffffff ffffffff ffffffff ffffffff 
155   0x7618  ffffffff ffffffff ffffffff ffffffff ffffffff ffffffff ffffffff ffffffff ffffffff ffffffff 
156   0x7640  ffffffff ffffffff ffffffff ffffffff ffffffff ffffffff ffffffff ffffffff ffffffff ffffffff 
157   0x7668  ffffffff ffffffff ffffffff ffffffff ffffffff ffffffff ffffffff ffffffff ffffffff ffffffff 
158   0x7690  ffffffff ffffffff ffffffff ffffffff ffffffff ffffffff ffffffff ffffffff ffffffff ffffffff 
159   0x76b8  ffffffff ffffffff ffffffff ffffffff ffffffff ffffffff ffffffff ffffffff ffffffff ffffffff 
160   0x76e0  ffffffff ffffffff ffffffff ffffffff ffffffff ffffffff ffffffff ffffffff ffffffff ffffffff 
161   0x7708  ffffffff ffffffff ffffffff ffffffff ffffffff ffffffff ffffffff ffffffff ffffffff ffffffff 
162   0x7730  ffffffff ffffffff ffffffff ffffffff ffffffff ffffffff ffffffff ffffffff ffffffff ffffffff 
163   0x7758  ffffffff ffffffff ffffffff ffffffff ffffffff ffffffff ffffffff ffffffff ffffffff ffffffff 
164   0x7780  ffffffff ffffffff ffffffff ffffffff ffffffff ffffffff ffffffff ffffffff ffffffff ffffffff 
165   0x77a8  ffffffff ffffffff ffffffff ffffffff ffffffff ffffffff ffffffff ffffffff ffffffff ffffffff 
166   0x77d0  ffffffff ffffffff ffffffff ffffffff ffffffff ffffffff ffffffff ffffffff ffffffff ffffffff 
167   0x77f8  ffffffff ffffffff ffffffff ffffffff ffffffff ffffffff ffffffff ffffffff ffffffff ffffffff 
168   0x7820  ffffffff ffffffff ffffffff ffffffff ffffffff ffffffff ffffffff ffffffff ffffffff ffffffff 
169   0x7848  ffffffff ffffffff ffffffff ffffffff ffffffff ffffffff ffffffff ffffffff ffffffff ffffffff 
170   0x7870  ffffffff ffffffff ffffffff ffffffff ffffffff ffffffff ffffffff ffffffff ffffffff ffffffff 
171   0x7898  ffffffff ffffffff ffffffff ffffffff ffffffff ffffffff ffffffff ffffffff ffffffff ffffffff 
172   0x78c0  ffffffff ffffffff ffffffff ffffffff ffffffff ffffffff ffffffff ffffffff ffffffff ffffffff 
173   0x78e8  ffffffff ffffffff ffffffff ffffffff ffffffff ffffffff ffffffff ffffffff ffffffff ffffffff 
174   0x7910  ffffffff ffffffff ffffffff ffffffff ffffffff ffffffff ffffffff ffffffff ffffffff ffffffff 
175   0x7938  ffffffff ffffffff ffffffff ffffffff ffffffff ffffffff ffffffff ffffffff ffffffff ffffffff 
176   0x7960  ffffffff ffffffff ffffffff ffffffff ffffffff ffffffff ffffffff ffffffff ffffffff ffffffff 
177   0x7988  ffffffff ffffffff ffffffff ffffffff ffffffff ffffffff ffffffff ffffffff ffffffff ffffffff 
178   0x79b0  ffffffff ffffffff ffffffff ffffffff ffffffff ffffffff ffffffff ffffffff ffffffff ffffffff 
179   0x79d8  ffffffff ffffffff ffffffff ffffffff ffffffff ffffffff ffffffff ffffffff ffffffff ffffffff 
180   0x7a00  ffffffff ffffffff ffffffff ffffffff ffffffff ffffffff ffffffff ffffffff ffffffff ffffffff 
181   0x7a28  ffffffff ffffffff ffffffff ffffffff ffffffff ffffffff ffffffff ffffffff ffffffff ffffffff 
182   0x7a50  ffffffff ffffffff ffffffff ffffffff ffffffff ffffffff ffffffff ffffffff ffffffff ffffffff 
183   0x7a78  ffffffff ffffffff ffffffff ffffffff ffffffff ffffffff ffffffff ffffffff ffffffff ffffffff 
184   0x7aa0  ffffffff ffffffff ffffffff ffffffff ffffffff ffffffff ffffffff ffffffff ffffffff ffffffff 
185   0x7ac8  ffffffff ffffffff ffffffff ffffffff ffffffff ffffffff ffffffff ffffffff ffffffff ffffffff 
186   0x7af0  ffffffff ffffffff ffffffff ffffffff ffffffff ffffffff ffffffff ffffffff ffffffff ffffffff 
187   0x7b18  ffffffff ffffffff ffffffff ffffffff ffffffff ffffffff ffffffff ffffffff ffffffff ffffffff 
188   0x7b40  ffffffff ffffffff ffffffff ffffffff ffffffff ffffffff ffffffff ffffffff ffffffff ffffffff 
189   0x7b68  ffffffff ffffffff ffffffff ffffffff ffffffff ffffffff ffffffff ffffffff ffffffff ffffffff 
190   0x7b90  ffffffff ffffffff ffffffff ffffffff ffffffff ffffffff ffffffff ffffffff ffffffff ffffffff 
191   0x7bb8  ffffffff ffffffff ffffffff ffffffff ffffffff ffffffff ffffffff ffffffff ffffffff ffffffff 
192   0x7be0  ffffffff ffffffff ffffffff ffffffff ffffffff ffffffff ffffffff ffffffff ffffffff ffffffff 
193   0x7c08  ffffffff ffffffff ffffffff ffffffff ffffffff ffffffff ffffffff ffffffff ffffffff ffffffff 
194   0x7c30  ffffffff ffffffff ffffffff ffffffff ffffffff ffffffff ffffffff ffffffff ffffffff ffffffff 

[END] 7/13/2024 10:59:08 AM
